Archive member included to satisfy reference by file (symbol)

/usr/local/gcc-arm-none-eabi-5_4-2016q2/bin/../lib/gcc/arm-none-eabi/5.4.1/armv7e-m/libgcc.a(unwind-arm.o)
                              ./system/src/newlib/_cxx.o (__aeabi_unwind_cpp_pr0)
/usr/local/gcc-arm-none-eabi-5_4-2016q2/bin/../lib/gcc/arm-none-eabi/5.4.1/armv7e-m/libgcc.a(libunwind.o)
                              /usr/local/gcc-arm-none-eabi-5_4-2016q2/bin/../lib/gcc/arm-none-eabi/5.4.1/armv7e-m/libgcc.a(unwind-arm.o) (restore_core_regs)
/usr/local/gcc-arm-none-eabi-5_4-2016q2/bin/../lib/gcc/arm-none-eabi/5.4.1/armv7e-m/libgcc.a(pr-support.o)
                              /usr/local/gcc-arm-none-eabi-5_4-2016q2/bin/../lib/gcc/arm-none-eabi/5.4.1/armv7e-m/libgcc.a(unwind-arm.o) (__gnu_unwind_execute)
/usr/local/gcc-arm-none-eabi-5_4-2016q2/bin/../lib/gcc/arm-none-eabi/5.4.1/../../../../arm-none-eabi/lib/armv7e-m/libg_nano.a(lib_a-errno.o)
                              ./system/src/newlib/_sbrk.o (__errno)
/usr/local/gcc-arm-none-eabi-5_4-2016q2/bin/../lib/gcc/arm-none-eabi/5.4.1/../../../../arm-none-eabi/lib/armv7e-m/libg_nano.a(lib_a-impure.o)
                              /usr/local/gcc-arm-none-eabi-5_4-2016q2/bin/../lib/gcc/arm-none-eabi/5.4.1/../../../../arm-none-eabi/lib/armv7e-m/libg_nano.a(lib_a-errno.o) (_impure_ptr)
/usr/local/gcc-arm-none-eabi-5_4-2016q2/bin/../lib/gcc/arm-none-eabi/5.4.1/../../../../arm-none-eabi/lib/armv7e-m/libg_nano.a(lib_a-init.o)
                              ./system/src/cmsis/startup_stm32f429xx.o (__libc_init_array)
/usr/local/gcc-arm-none-eabi-5_4-2016q2/bin/../lib/gcc/arm-none-eabi/5.4.1/../../../../arm-none-eabi/lib/armv7e-m/libg_nano.a(lib_a-memcpy-stub.o)
                              /usr/local/gcc-arm-none-eabi-5_4-2016q2/bin/../lib/gcc/arm-none-eabi/5.4.1/armv7e-m/libgcc.a(unwind-arm.o) (memcpy)
/usr/local/gcc-arm-none-eabi-5_4-2016q2/bin/../lib/gcc/arm-none-eabi/5.4.1/../../../../arm-none-eabi/lib/armv7e-m/libg_nano.a(lib_a-strlen.o)
                              ./system/src/diag/Trace.o (strlen)
/usr/local/gcc-arm-none-eabi-5_4-2016q2/bin/../lib/gcc/arm-none-eabi/5.4.1/../../../../arm-none-eabi/lib/armv7e-m/libg_nano.a(lib_a-vsnprintf.o)
                              ./system/src/diag/Trace.o (vsnprintf)
/usr/local/gcc-arm-none-eabi-5_4-2016q2/bin/../lib/gcc/arm-none-eabi/5.4.1/../../../../arm-none-eabi/lib/armv7e-m/libg_nano.a(lib_a-nano-svfprintf.o)
                              /usr/local/gcc-arm-none-eabi-5_4-2016q2/bin/../lib/gcc/arm-none-eabi/5.4.1/../../../../arm-none-eabi/lib/armv7e-m/libg_nano.a(lib_a-vsnprintf.o) (_svfprintf_r)
/usr/local/gcc-arm-none-eabi-5_4-2016q2/bin/../lib/gcc/arm-none-eabi/5.4.1/../../../../arm-none-eabi/lib/armv7e-m/libg_nano.a(lib_a-nano-vfprintf_i.o)
                              /usr/local/gcc-arm-none-eabi-5_4-2016q2/bin/../lib/gcc/arm-none-eabi/5.4.1/../../../../arm-none-eabi/lib/armv7e-m/libg_nano.a(lib_a-nano-svfprintf.o) (_printf_i)
/usr/local/gcc-arm-none-eabi-5_4-2016q2/bin/../lib/gcc/arm-none-eabi/5.4.1/../../../../arm-none-eabi/lib/armv7e-m/libg_nano.a(lib_a-memchr.o)
                              /usr/local/gcc-arm-none-eabi-5_4-2016q2/bin/../lib/gcc/arm-none-eabi/5.4.1/../../../../arm-none-eabi/lib/armv7e-m/libg_nano.a(lib_a-nano-svfprintf.o) (memchr)
/usr/local/gcc-arm-none-eabi-5_4-2016q2/bin/../lib/gcc/arm-none-eabi/5.4.1/../../../../arm-none-eabi/lib/armv7e-m/libg_nano.a(lib_a-memmove.o)
                              /usr/local/gcc-arm-none-eabi-5_4-2016q2/bin/../lib/gcc/arm-none-eabi/5.4.1/../../../../arm-none-eabi/lib/armv7e-m/libg_nano.a(lib_a-nano-svfprintf.o) (memmove)
/usr/local/gcc-arm-none-eabi-5_4-2016q2/bin/../lib/gcc/arm-none-eabi/5.4.1/../../../../arm-none-eabi/lib/armv7e-m/libg_nano.a(lib_a-nano-freer.o)
                              /usr/local/gcc-arm-none-eabi-5_4-2016q2/bin/../lib/gcc/arm-none-eabi/5.4.1/../../../../arm-none-eabi/lib/armv7e-m/libg_nano.a(lib_a-nano-svfprintf.o) (_free_r)
/usr/local/gcc-arm-none-eabi-5_4-2016q2/bin/../lib/gcc/arm-none-eabi/5.4.1/../../../../arm-none-eabi/lib/armv7e-m/libg_nano.a(lib_a-nano-mallocr.o)
                              /usr/local/gcc-arm-none-eabi-5_4-2016q2/bin/../lib/gcc/arm-none-eabi/5.4.1/../../../../arm-none-eabi/lib/armv7e-m/libg_nano.a(lib_a-nano-svfprintf.o) (_malloc_r)
/usr/local/gcc-arm-none-eabi-5_4-2016q2/bin/../lib/gcc/arm-none-eabi/5.4.1/../../../../arm-none-eabi/lib/armv7e-m/libg_nano.a(lib_a-nano-reallocr.o)
                              /usr/local/gcc-arm-none-eabi-5_4-2016q2/bin/../lib/gcc/arm-none-eabi/5.4.1/../../../../arm-none-eabi/lib/armv7e-m/libg_nano.a(lib_a-nano-svfprintf.o) (_realloc_r)
/usr/local/gcc-arm-none-eabi-5_4-2016q2/bin/../lib/gcc/arm-none-eabi/5.4.1/../../../../arm-none-eabi/lib/armv7e-m/libg_nano.a(lib_a-sbrkr.o)
                              /usr/local/gcc-arm-none-eabi-5_4-2016q2/bin/../lib/gcc/arm-none-eabi/5.4.1/../../../../arm-none-eabi/lib/armv7e-m/libg_nano.a(lib_a-nano-mallocr.o) (_sbrk_r)
[...]
Memory Configuration

Name             Origin             Length             Attributes
FLASH            0x08000000         0x00200000         xr
RAM              0x20000000         0x00040000         xrw
CCMRAM           0x10000000         0x00000000         xrw
FLASHB1          0x00000000         0x00000000         xr
EXTMEMB0         0x00000000         0x00000000         xr
EXTMEMB1         0x00000000         0x00000000         xr
EXTMEMB2         0x00000000         0x00000000         xr
EXTMEMB3         0x00000000         0x00000000         xr
*default*        0x00000000         0xffffffff

Linker script and memory map

LOAD ./system/src/stm32f4xx/stm32f4xx_hal.o
LOAD ./system/src/stm32f4xx/stm32f4xx_hal_cortex.o
LOAD ./system/src/stm32f4xx/stm32f4xx_hal_dma.o
LOAD ./system/src/stm32f4xx/stm32f4xx_hal_dma_ex.o
LOAD ./system/src/stm32f4xx/stm32f4xx_hal_dsi.o
LOAD ./system/src/stm32f4xx/stm32f4xx_hal_flash.o
LOAD ./system/src/stm32f4xx/stm32f4xx_hal_flash_ex.o
LOAD ./system/src/stm32f4xx/stm32f4xx_hal_flash_ramfunc.o
LOAD ./system/src/stm32f4xx/stm32f4xx_hal_gpio.o
LOAD ./system/src/stm32f4xx/stm32f4xx_hal_i2c.o
LOAD ./system/src/stm32f4xx/stm32f4xx_hal_i2c_ex.o
LOAD ./system/src/stm32f4xx/stm32f4xx_hal_ltdc.o
LOAD ./system/src/stm32f4xx/stm32f4xx_hal_ltdc_ex.o
LOAD ./system/src/stm32f4xx/stm32f4xx_hal_pwr.o
LOAD ./system/src/stm32f4xx/stm32f4xx_hal_pwr_ex.o
LOAD ./system/src/stm32f4xx/stm32f4xx_hal_rcc.o
LOAD ./system/src/stm32f4xx/stm32f4xx_hal_rcc_ex.o
LOAD ./system/src/stm32f4xx/stm32f4xx_hal_sdram.o
LOAD ./system/src/stm32f4xx/stm32f4xx_hal_spi.o
LOAD ./system/src/stm32f4xx/stm32f4xx_hal_tim.o
LOAD ./system/src/stm32f4xx/stm32f4xx_hal_tim_ex.o
LOAD ./system/src/stm32f4xx/stm32f4xx_hal_uart.o
LOAD ./system/src/stm32f4xx/stm32f4xx_ll_fmc.o
LOAD ./system/src/newlib/_cxx.o
LOAD ./system/src/newlib/_exit.o
LOAD ./system/src/newlib/_sbrk.o
LOAD ./system/src/newlib/_startup.o
LOAD ./system/src/newlib/_syscalls.o
LOAD ./system/src/newlib/assert.o
LOAD ./system/src/diag/Trace.o
LOAD ./system/src/diag/trace_impl.o
LOAD ./system/src/cortexm/_initialize_hardware.o
LOAD ./system/src/cortexm/_reset_hardware.o
LOAD ./system/src/cortexm/exception_handlers.o
LOAD ./system/src/cmsis/startup_stm32f429xx.o
LOAD ./system/src/cmsis/system_stm32f4xx.o
LOAD ./src/main.o
LOAD ./src/stm32f4xx_hal_msp.o
LOAD ./src/stm32f4xx_it.o
LOAD /usr/local/gcc-arm-none-eabi-5_4-2016q2/bin/../lib/gcc/arm-none-eabi/5.4.1/../../../../arm-none-eabi/lib/armv7e-m/libstdc++_nano.a
LOAD /usr/local/gcc-arm-none-eabi-5_4-2016q2/bin/../lib/gcc/arm-none-eabi/5.4.1/../../../../arm-none-eabi/lib/armv7e-m/libm.a
START GROUP
LOAD /usr/local/gcc-arm-none-eabi-5_4-2016q2/bin/../lib/gcc/arm-none-eabi/5.4.1/armv7e-m/libgcc.a
LOAD /usr/local/gcc-arm-none-eabi-5_4-2016q2/bin/../lib/gcc/arm-none-eabi/5.4.1/../../../../arm-none-eabi/lib/armv7e-m/libg_nano.a
LOAD /usr/local/gcc-arm-none-eabi-5_4-2016q2/bin/../lib/gcc/arm-none-eabi/5.4.1/../../../../arm-none-eabi/lib/armv7e-m/libc_nano.a
END GROUP
START GROUP
LOAD /usr/local/gcc-arm-none-eabi-5_4-2016q2/bin/../lib/gcc/arm-none-eabi/5.4.1/armv7e-m/libgcc.a
LOAD /usr/local/gcc-arm-none-eabi-5_4-2016q2/bin/../lib/gcc/arm-none-eabi/5.4.1/../../../../arm-none-eabi/lib/armv7e-m/libc_nano.a
END GROUP
                0x20040000                __stack = (ORIGIN (RAM) + LENGTH (RAM))
                0x20040000                _estack = __stack
                0x00000400                __Main_Stack_Size = 0x400
                [!provide]                PROVIDE (_Main_Stack_Size, __Main_Stack_Size)
                0x2003fc00                __Main_Stack_Limit = (__stack - __Main_Stack_Size)
                [!provide]                PROVIDE (_Main_Stack_Limit, __Main_Stack_Limit)
                0x00000100                _Minimum_Stack_Size = 0x100
                0x200002e0                PROVIDE (_Heap_Begin, _end_noinit)
                0x2003fc00                PROVIDE (_Heap_Limit, (__stack - __Main_Stack_Size))

.isr_vector     0x08000000      0x474
 FILL mask 0xff
                0x08000000                __vectors_start = ABSOLUTE (.)
                0x08000000                __vectors_start__ = ABSOLUTE (.)
 *(.isr_vector)
 .isr_vector    0x08000000      0x1ac ./system/src/cmsis/startup_stm32f429xx.o
                0x08000000                g_pfnVectors
 *(.cfmconfig)
 *(.after_vectors .after_vectors.*)
 .after_vectors
                0x080001ac      0x178 ./system/src/newlib/_startup.o
                0x080001ac                _start
 .after_vectors
                0x08000324      0x150 ./system/src/cortexm/exception_handlers.o
                0x08000324                Reset_Handler
                0x0800032c                NMI_Handler
                0x08000334                HardFault_Handler
                0x0800034c                HardFault_Handler_C
                0x0800038c                MemManage_Handler
                0x08000394                BusFault_Handler
                0x080003ac                BusFault_Handler_C
                0x080003ec                UsageFault_Handler
                0x08000404                UsageFault_Handler_C
                0x0800044c                DebugMon_Handler

.inits          0x08000474       0x28
                0x08000474                __data_regions_array_start = .
                0x08000474        0x4 LONG 0x8005234 LOADADDR (.data)
                0x08000478        0x4 LONG 0x20000000 ADDR (.data)
                0x0800047c        0x4 LONG 0x20000078 (ADDR (.data) + SIZEOF (.data))
                0x08000480        0x4 LONG 0x8005234 LOADADDR (.data_CCMRAM)
                0x08000484        0x4 LONG 0x10000000 ADDR (.data_CCMRAM)
                0x08000488        0x4 LONG 0x10000000 (ADDR (.data_CCMRAM) + SIZEOF (.data_CCMRAM))
                0x0800048c                __data_regions_array_end = .
                0x0800048c                __bss_regions_array_start = .
                0x0800048c        0x4 LONG 0x20000078 ADDR (.bss)
                0x08000490        0x4 LONG 0x200002e0 (ADDR (.bss) + SIZEOF (.bss))
                0x08000494        0x4 LONG 0x10000000 ADDR (.bss_CCMRAM)
                0x08000498        0x4 LONG 0x10000000 (ADDR (.bss_CCMRAM) + SIZEOF (.bss_CCMRAM))
                0x0800049c                __bss_regions_array_end = .
 *(.init)
 *(.fini)
                0x0800049c                . = ALIGN (0x4)
                0x0800049c                PROVIDE (__preinit_array_start, .)
 *(.preinit_array_sysinit .preinit_array_sysinit.*)
 *(.preinit_array_platform .preinit_array_platform.*)
 *(.preinit_array .preinit_array.*)
                0x0800049c                PROVIDE (__preinit_array_end, .)
                0x0800049c                . = ALIGN (0x4)
                0x0800049c                PROVIDE (__init_array_start, .)
 *(SORT(.init_array.*))
 *(.init_array)
                0x0800049c                PROVIDE (__init_array_end, .)
                0x0800049c                . = ALIGN (0x4)
                0x0800049c                PROVIDE (__fini_array_start, .)
 *(SORT(.fini_array.*))
 *(.fini_array)
                0x0800049c                PROVIDE (__fini_array_end, .)

.flashtext
 *(.flashtext .flashtext.*)

.text           0x080004a0     0x4d91
 *(.text .text.*)
 .text.HAL_Init
                0x080004a0       0x44 ./system/src/stm32f4xx/stm32f4xx_hal.o
                0x080004a0                HAL_Init
 .text.HAL_InitTick
                0x080004e4       0x38 ./system/src/stm32f4xx/stm32f4xx_hal.o
                0x080004e4                HAL_InitTick
 .text.HAL_IncTick
                0x0800051c       0x1c ./system/src/stm32f4xx/stm32f4xx_hal.o
                0x0800051c                HAL_IncTick
 .text.HAL_GetTick
                0x08000538       0x14 ./system/src/stm32f4xx/stm32f4xx_hal.o
                0x08000538                HAL_GetTick
 .text.NVIC_SetPriorityGrouping
                0x0800054c       0x48 ./system/src/stm32f4xx/stm32f4xx_hal_cortex.o
 .text.NVIC_GetPriorityGrouping
                0x08000594       0x1c ./system/src/stm32f4xx/stm32f4xx_hal_cortex.o
 .text.NVIC_SetPriority
                0x080005b0       0x54 ./system/src/stm32f4xx/stm32f4xx_hal_cortex.o
 .text.NVIC_EncodePriority
                0x08000604       0x60 ./system/src/stm32f4xx/stm32f4xx_hal_cortex.o
 .text.SysTick_Config
                0x08000664       0x44 ./system/src/stm32f4xx/stm32f4xx_hal_cortex.o
 .text.HAL_NVIC_SetPriorityGrouping
                0x080006a8       0x40 ./system/src/stm32f4xx/stm32f4xx_hal_cortex.o
                0x080006a8                HAL_NVIC_SetPriorityGrouping
 .text.HAL_NVIC_SetPriority
                0x080006e8       0x58 ./system/src/stm32f4xx/stm32f4xx_hal_cortex.o
                0x080006e8                HAL_NVIC_SetPriority
 .text.HAL_SYSTICK_Config
                0x08000740       0x18 ./system/src/stm32f4xx/stm32f4xx_hal_cortex.o
                0x08000740                HAL_SYSTICK_Config
 .text.HAL_SYSTICK_CLKSourceConfig
                0x08000758       0x50 ./system/src/stm32f4xx/stm32f4xx_hal_cortex.o
                0x08000758                HAL_SYSTICK_CLKSourceConfig
 .text.HAL_SYSTICK_IRQHandler
                0x080007a8        0xc ./system/src/stm32f4xx/stm32f4xx_hal_cortex.o
                0x080007a8                HAL_SYSTICK_IRQHandler
 .text.HAL_SYSTICK_Callback
                0x080007b4        0xc ./system/src/stm32f4xx/stm32f4xx_hal_cortex.o
                0x080007b4                HAL_SYSTICK_Callback
 .text.HAL_GPIO_Init
                0x080007c0      0x64c ./system/src/stm32f4xx/stm32f4xx_hal_gpio.o
                0x080007c0                HAL_GPIO_Init
 .text.HAL_GPIO_WritePin
                0x08000e0c       0x58 ./system/src/stm32f4xx/stm32f4xx_hal_gpio.o
                0x08000e0c                HAL_GPIO_WritePin
 .text.HAL_I2C_Init
                0x08000e64      0x2d0 ./system/src/stm32f4xx/stm32f4xx_hal_i2c.o
                0x08000e64                HAL_I2C_Init
 .text.HAL_LTDC_Init
                0x08001134      0x2cc ./system/src/stm32f4xx/stm32f4xx_hal_ltdc.o
                0x08001134                HAL_LTDC_Init
 .text.HAL_LTDC_ConfigLayer
                0x08001400      0x19c ./system/src/stm32f4xx/stm32f4xx_hal_ltdc.o
                0x08001400                HAL_LTDC_ConfigLayer
 .text.LTDC_SetConfig
                0x0800159c      0x350 ./system/src/stm32f4xx/stm32f4xx_hal_ltdc.o
 .text.HAL_RCC_OscConfig
                0x080018ec      0x580 ./system/src/stm32f4xx/stm32f4xx_hal_rcc.o
                0x080018ec                HAL_RCC_OscConfig
 .text.HAL_RCC_ClockConfig
                0x08001e6c      0x3a8 ./system/src/stm32f4xx/stm32f4xx_hal_rcc.o
                0x08001e6c                HAL_RCC_ClockConfig
 .text.HAL_RCC_GetSysClockFreq
                0x08002214       0xfc ./system/src/stm32f4xx/stm32f4xx_hal_rcc.o
                0x08002214                HAL_RCC_GetSysClockFreq
 .text.HAL_RCC_GetHCLKFreq
                0x08002310       0x14 ./system/src/stm32f4xx/stm32f4xx_hal_rcc.o
                0x08002310                HAL_RCC_GetHCLKFreq
 .text.HAL_RCC_GetPCLK1Freq
                0x08002324       0x44 ./system/src/stm32f4xx/stm32f4xx_hal_rcc.o
                0x08002324                HAL_RCC_GetPCLK1Freq
 .text.HAL_RCC_GetPCLK2Freq
                0x08002368       0x44 ./system/src/stm32f4xx/stm32f4xx_hal_rcc.o
                0x08002368                HAL_RCC_GetPCLK2Freq
 .text.HAL_RCCEx_PeriphCLKConfig
                0x080023ac      0x740 ./system/src/stm32f4xx/stm32f4xx_hal_rcc_ex.o
                0x080023ac                HAL_RCCEx_PeriphCLKConfig
 .text.HAL_SDRAM_Init
                0x08002aec       0x68 ./system/src/stm32f4xx/stm32f4xx_hal_sdram.o
                0x08002aec                HAL_SDRAM_Init
 .text.HAL_SDRAM_MspInit
                0x08002b54       0x14 ./system/src/stm32f4xx/stm32f4xx_hal_sdram.o
                0x08002b54                HAL_SDRAM_MspInit
 .text.HAL_SPI_Init
                0x08002b68      0x268 ./system/src/stm32f4xx/stm32f4xx_hal_spi.o
                0x08002b68                HAL_SPI_Init
 .text.HAL_UART_Init
                0x08002dd0      0x1b8 ./system/src/stm32f4xx/stm32f4xx_hal_uart.o
                0x08002dd0                HAL_UART_Init
 .text.UART_SetConfig
                0x08002f88      0x4c0 ./system/src/stm32f4xx/stm32f4xx_hal_uart.o
 .text.FMC_SDRAM_Init
                0x08003448      0x248 ./system/src/stm32f4xx/stm32f4xx_ll_fmc.o
                0x08003448                FMC_SDRAM_Init
 .text.FMC_SDRAM_Timing_Init
                0x08003690      0x1e0 ./system/src/stm32f4xx/stm32f4xx_ll_fmc.o
                0x08003690                FMC_SDRAM_Timing_Init
 .text._exit    0x08003870        0xc ./system/src/newlib/_exit.o
                0x08003870                _exit
 .text._sbrk    0x0800387c       0x68 ./system/src/newlib/_sbrk.o
                0x0800387c                _sbrk
 .text.__initialize_args
                0x080038e4       0x24 ./system/src/newlib/_syscalls.o
                0x080038e4                __initialize_args
 .text.trace_printf
                0x08003908       0x44 ./system/src/diag/Trace.o
                0x08003908                trace_printf
 .text.trace_write
                0x0800394c       0x18 ./system/src/diag/trace_impl.o
                0x0800394c                trace_write
 .text.__initialize_hardware_early
                0x08003964       0x1c ./system/src/cortexm/_initialize_hardware.o
                0x08003964                __initialize_hardware_early
 .text.__initialize_hardware
                0x08003980        0xc ./system/src/cortexm/_initialize_hardware.o
                0x08003980                __initialize_hardware
 .text.dumpExceptionStack
                0x0800398c      0x12c ./system/src/cortexm/exception_handlers.o
                0x0800398c                dumpExceptionStack
 .text.Default_Handler
                0x08003ab8        0x2 ./system/src/cmsis/startup_stm32f429xx.o
                0x08003ab8                RTC_Alarm_IRQHandler
                0x08003ab8                HASH_RNG_IRQHandler
                0x08003ab8                EXTI2_IRQHandler
                0x08003ab8                TIM8_CC_IRQHandler
                0x08003ab8                UART8_IRQHandler
                0x08003ab8                SPI4_IRQHandler
                0x08003ab8                TIM1_CC_IRQHandler
                0x08003ab8                DMA2_Stream5_IRQHandler
                0x08003ab8                DMA1_Stream5_IRQHandler
                0x08003ab8                PVD_IRQHandler
                0x08003ab8                SDIO_IRQHandler
                0x08003ab8                TAMP_STAMP_IRQHandler
                0x08003ab8                CAN2_RX1_IRQHandler
                0x08003ab8                EXTI3_IRQHandler
                0x08003ab8                TIM8_TRG_COM_TIM14_IRQHandler
                0x08003ab8                TIM1_UP_TIM10_IRQHandler
                0x08003ab8                TIM8_UP_TIM13_IRQHandler
                0x08003ab8                I2C3_ER_IRQHandler
                0x08003ab8                EXTI0_IRQHandler
                0x08003ab8                I2C2_EV_IRQHandler
                0x08003ab8                DMA1_Stream2_IRQHandler
                0x08003ab8                CAN1_RX0_IRQHandler
                0x08003ab8                FPU_IRQHandler
                0x08003ab8                OTG_HS_WKUP_IRQHandler
                0x08003ab8                LTDC_ER_IRQHandler
                0x08003ab8                CAN2_SCE_IRQHandler
                0x08003ab8                DMA2_Stream2_IRQHandler
                0x08003ab8                SPI1_IRQHandler
                0x08003ab8                TIM6_DAC_IRQHandler
                0x08003ab8                TIM1_BRK_TIM9_IRQHandler
                0x08003ab8                DCMI_IRQHandler
                0x08003ab8                CAN2_RX0_IRQHandler
                0x08003ab8                DMA2_Stream3_IRQHandler
                0x08003ab8                USART6_IRQHandler
                0x08003ab8                USART3_IRQHandler
                0x08003ab8                CAN1_RX1_IRQHandler
                0x08003ab8                UART5_IRQHandler
                0x08003ab8                DMA2_Stream0_IRQHandler
                0x08003ab8                TIM4_IRQHandler
                0x08003ab8                I2C1_EV_IRQHandler
                0x08003ab8                DMA1_Stream6_IRQHandler
                0x08003ab8                DMA1_Stream1_IRQHandler
                0x08003ab8                UART4_IRQHandler
                0x08003ab8                TIM3_IRQHandler
                0x08003ab8                RCC_IRQHandler
                0x08003ab8                TIM8_BRK_TIM12_IRQHandler
                0x08003ab8                Default_Handler
                0x08003ab8                EXTI15_10_IRQHandler
                0x08003ab8                ADC_IRQHandler
                0x08003ab8                DMA1_Stream7_IRQHandler
                0x08003ab8                SPI5_IRQHandler
                0x08003ab8                TIM7_IRQHandler
                0x08003ab8                CAN2_TX_IRQHandler
                0x08003ab8                TIM5_IRQHandler
                0x08003ab8                DMA2_Stream7_IRQHandler
                0x08003ab8                I2C3_EV_IRQHandler
                0x08003ab8                EXTI9_5_IRQHandler
                0x08003ab8                RTC_WKUP_IRQHandler
                0x08003ab8                LTDC_IRQHandler
                0x08003ab8                ETH_WKUP_IRQHandler
                0x08003ab8                SPI2_IRQHandler
                0x08003ab8                OTG_HS_EP1_IN_IRQHandler
                0x08003ab8                DMA1_Stream0_IRQHandler
                0x08003ab8                CAN1_TX_IRQHandler
                0x08003ab8                EXTI4_IRQHandler
                0x08003ab8                ETH_IRQHandler
                0x08003ab8                OTG_HS_EP1_OUT_IRQHandler
                0x08003ab8                WWDG_IRQHandler
                0x08003ab8                SPI6_IRQHandler
                0x08003ab8                TIM2_IRQHandler
                0x08003ab8                OTG_FS_WKUP_IRQHandler
                0x08003ab8                TIM1_TRG_COM_TIM11_IRQHandler
                0x08003ab8                OTG_HS_IRQHandler
                0x08003ab8                DMA2D_IRQHandler
                0x08003ab8                EXTI1_IRQHandler
                0x08003ab8                UART7_IRQHandler
                0x08003ab8                USART2_IRQHandler
                0x08003ab8                I2C2_ER_IRQHandler
                0x08003ab8                DMA2_Stream1_IRQHandler
                0x08003ab8                CAN1_SCE_IRQHandler
                0x08003ab8                FLASH_IRQHandler
                0x08003ab8                DMA2_Stream4_IRQHandler
                0x08003ab8                USART1_IRQHandler
                0x08003ab8                OTG_FS_IRQHandler
                0x08003ab8                SPI3_IRQHandler
                0x08003ab8                DMA1_Stream4_IRQHandler
                0x08003ab8                I2C1_ER_IRQHandler
                0x08003ab8                FMC_IRQHandler
                0x08003ab8                DMA2_Stream6_IRQHandler
                0x08003ab8                SAI1_IRQHandler
                0x08003ab8                DMA1_Stream3_IRQHandler
 *fill*         0x08003aba        0x2 
 .text.SystemInit
                0x08003abc       0x5c ./system/src/cmsis/system_stm32f4xx.o
                0x08003abc                SystemInit
 .text.SystemCoreClockUpdate
                0x08003b18       0xf8 ./system/src/cmsis/system_stm32f4xx.o
                0x08003b18                SystemCoreClockUpdate
 .text.main     0x08003c10       0x28 ./src/main.o
                0x08003c10                main
 .text.SystemClock_Config
                0x08003c38      0x104 ./src/main.o
                0x08003c38                SystemClock_Config
 .text.MX_I2C3_Init
                0x08003d3c       0x5c ./src/main.o
 .text.MX_LTDC_Init
                0x08003d98      0x148 ./src/main.o
 .text.MX_SPI5_Init
                0x08003ee0       0x6c ./src/main.o
 .text.MX_USART1_UART_Init
                0x08003f4c       0x54 ./src/main.o
 .text.MX_FMC_Init
                0x08003fa0       0x88 ./src/main.o
 .text.MX_GPIO_Init
                0x08004028      0x24c ./src/main.o
 .text.Error_Handler
                0x08004274        0x8 ./src/main.o
                0x08004274                Error_Handler
 .text.assert_failed
                0x0800427c       0x14 ./src/main.o
                0x0800427c                assert_failed
 .text.HAL_MspInit
                0x08004290       0x64 ./src/stm32f4xx_hal_msp.o
                0x08004290                HAL_MspInit
 .text.HAL_I2C_MspInit
                0x080042f4       0x8c ./src/stm32f4xx_hal_msp.o
                0x080042f4                HAL_I2C_MspInit
 .text.HAL_LTDC_MspInit
                0x08004380      0x164 ./src/stm32f4xx_hal_msp.o
                0x08004380                HAL_LTDC_MspInit
 .text.HAL_SPI_MspInit
                0x080044e4       0x64 ./src/stm32f4xx_hal_msp.o
                0x080044e4                HAL_SPI_MspInit
 .text.HAL_UART_MspInit
                0x08004548       0x64 ./src/stm32f4xx_hal_msp.o
                0x08004548                HAL_UART_MspInit
 .text.SVC_Handler
                0x080045ac        0xc ./src/stm32f4xx_it.o
                0x080045ac                SVC_Handler
 .text.PendSV_Handler
                0x080045b8        0xc ./src/stm32f4xx_it.o
                0x080045b8                PendSV_Handler
 .text.SysTick_Handler
                0x080045c4       0x10 ./src/stm32f4xx_it.o
                0x080045c4                SysTick_Handler
 .text.__errno  0x080045d4        0xc /usr/local/gcc-arm-none-eabi-5_4-2016q2/bin/../lib/gcc/arm-none-eabi/5.4.1/../../../../arm-none-eabi/lib/armv7e-m/libg_nano.a(lib_a-errno.o)
                0x080045d4                __errno
 .text.memcpy   0x080045e0       0x16 /usr/local/gcc-arm-none-eabi-5_4-2016q2/bin/../lib/gcc/arm-none-eabi/5.4.1/../../../../arm-none-eabi/lib/armv7e-m/libg_nano.a(lib_a-memcpy-stub.o)
                0x080045e0                memcpy
 .text._vsnprintf_r
                0x080045f6       0x56 /usr/local/gcc-arm-none-eabi-5_4-2016q2/bin/../lib/gcc/arm-none-eabi/5.4.1/../../../../arm-none-eabi/lib/armv7e-m/libg_nano.a(lib_a-vsnprintf.o)
                0x080045f6                _vsnprintf_r
                0x080045f6                _vsniprintf_r
 .text.vsnprintf
                0x0800464c       0x1c /usr/local/gcc-arm-none-eabi-5_4-2016q2/bin/../lib/gcc/arm-none-eabi/5.4.1/../../../../arm-none-eabi/lib/armv7e-m/libg_nano.a(lib_a-vsnprintf.o)
                0x0800464c                vsnprintf
                0x0800464c                vsniprintf
 .text.__ssputs_r
                0x08004668       0xb2 /usr/local/gcc-arm-none-eabi-5_4-2016q2/bin/../lib/gcc/arm-none-eabi/5.4.1/../../../../arm-none-eabi/lib/armv7e-m/libg_nano.a(lib_a-nano-svfprintf.o)
                0x08004668                __ssputs_r
 *fill*         0x0800471a        0x2 
 .text._svfprintf_r
                0x0800471c      0x1e8 /usr/local/gcc-arm-none-eabi-5_4-2016q2/bin/../lib/gcc/arm-none-eabi/5.4.1/../../../../arm-none-eabi/lib/armv7e-m/libg_nano.a(lib_a-nano-svfprintf.o)
                0x0800471c                _svfprintf_r
                0x0800471c                _svfiprintf_r
 .text._printf_common
                0x08004904       0xec /usr/local/gcc-arm-none-eabi-5_4-2016q2/bin/../lib/gcc/arm-none-eabi/5.4.1/../../../../arm-none-eabi/lib/armv7e-m/libg_nano.a(lib_a-nano-vfprintf_i.o)
                0x08004904                _printf_common
 .text._printf_i
                0x080049f0      0x24c /usr/local/gcc-arm-none-eabi-5_4-2016q2/bin/../lib/gcc/arm-none-eabi/5.4.1/../../../../arm-none-eabi/lib/armv7e-m/libg_nano.a(lib_a-nano-vfprintf_i.o)
                0x080049f0                _printf_i
 *fill*         0x08004c3c        0x4 
 .text          0x08004c40       0xa0 /usr/local/gcc-arm-none-eabi-5_4-2016q2/bin/../lib/gcc/arm-none-eabi/5.4.1/../../../../arm-none-eabi/lib/armv7e-m/libg_nano.a(lib_a-memchr.o)
                0x08004c40                memchr
 .text.memmove  0x08004ce0       0x36 /usr/local/gcc-arm-none-eabi-5_4-2016q2/bin/../lib/gcc/arm-none-eabi/5.4.1/../../../../arm-none-eabi/lib/armv7e-m/libg_nano.a(lib_a-memmove.o)
                0x08004ce0                memmove
 *fill*         0x08004d16        0x2 
 .text._free_r  0x08004d18       0x9c /usr/local/gcc-arm-none-eabi-5_4-2016q2/bin/../lib/gcc/arm-none-eabi/5.4.1/../../../../arm-none-eabi/lib/armv7e-m/libg_nano.a(lib_a-nano-freer.o)
                0x08004d18                _free_r
 .text._malloc_r
                0x08004db4       0xbc /usr/local/gcc-arm-none-eabi-5_4-2016q2/bin/../lib/gcc/arm-none-eabi/5.4.1/../../../../arm-none-eabi/lib/armv7e-m/libg_nano.a(lib_a-nano-mallocr.o)
                0x08004db4                _malloc_r
 .text._realloc_r
                0x08004e70       0x4c /usr/local/gcc-arm-none-eabi-5_4-2016q2/bin/../lib/gcc/arm-none-eabi/5.4.1/../../../../arm-none-eabi/lib/armv7e-m/libg_nano.a(lib_a-nano-reallocr.o)
                0x08004e70                _realloc_r
 .text._sbrk_r  0x08004ebc       0x20 /usr/local/gcc-arm-none-eabi-5_4-2016q2/bin/../lib/gcc/arm-none-eabi/5.4.1/../../../../arm-none-eabi/lib/armv7e-m/libg_nano.a(lib_a-sbrkr.o)
                0x08004ebc                _sbrk_r
 .text.__malloc_lock
                0x08004edc        0x2 /usr/local/gcc-arm-none-eabi-5_4-2016q2/bin/../lib/gcc/arm-none-eabi/5.4.1/../../../../arm-none-eabi/lib/armv7e-m/libg_nano.a(lib_a-mlock.o)
                0x08004edc                __malloc_lock
 .text.__malloc_unlock
                0x08004ede        0x2 /usr/local/gcc-arm-none-eabi-5_4-2016q2/bin/../lib/gcc/arm-none-eabi/5.4.1/../../../../arm-none-eabi/lib/armv7e-m/libg_nano.a(lib_a-mlock.o)
                0x08004ede                __malloc_unlock
 .text._malloc_usable_size_r
                0x08004ee0       0x14 /usr/local/gcc-arm-none-eabi-5_4-2016q2/bin/../lib/gcc/arm-none-eabi/5.4.1/../../../../arm-none-eabi/lib/armv7e-m/libg_nano.a(lib_a-nano-msizer.o)
                0x08004ee0                _malloc_usable_size_r
 *(.rodata .rodata.* .constdata .constdata.*)
 .rodata        0x08004ef4       0x2f ./system/src/stm32f4xx/stm32f4xx_hal_cortex.o
 *fill*         0x08004f23        0x1 
 .rodata        0x08004f24       0x2d ./system/src/stm32f4xx/stm32f4xx_hal_gpio.o
 *fill*         0x08004f51        0x3 
 .rodata        0x08004f54       0x2c ./system/src/stm32f4xx/stm32f4xx_hal_i2c.o
 .rodata        0x08004f80       0x2d ./system/src/stm32f4xx/stm32f4xx_hal_ltdc.o
 *fill*         0x08004fad        0x3 
 .rodata.APBAHBPrescTable
                0x08004fb0       0x10 ./system/src/stm32f4xx/stm32f4xx_hal_rcc.o
                0x08004fb0                APBAHBPrescTable
 .rodata        0x08004fc0       0x2c ./system/src/stm32f4xx/stm32f4xx_hal_rcc.o
 .rodata        0x08004fec       0x2f ./system/src/stm32f4xx/stm32f4xx_hal_rcc_ex.o
 *fill*         0x0800501b        0x1 
 .rodata        0x0800501c       0x2c ./system/src/stm32f4xx/stm32f4xx_hal_spi.o
 .rodata        0x08005048       0x2d ./system/src/stm32f4xx/stm32f4xx_hal_uart.o
 *fill*         0x08005075        0x3 
 .rodata        0x08005078       0x2b ./system/src/stm32f4xx/stm32f4xx_ll_fmc.o
 *fill*         0x080050a3        0x1 
 .rodata        0x080050a4      0x146 ./system/src/cortexm/exception_handlers.o
 *fill*         0x080051ea        0x2 
 .rodata.AHBPrescTable
                0x080051ec       0x10 ./system/src/cmsis/system_stm32f4xx.o
                0x080051ec                AHBPrescTable
 .rodata.str1.1
                0x080051fc        0x2 /usr/local/gcc-arm-none-eabi-5_4-2016q2/bin/../lib/gcc/arm-none-eabi/5.4.1/../../../../arm-none-eabi/lib/armv7e-m/libg_nano.a(lib_a-impure.o)
 .rodata.str1.1
                0x080051fe       0x11 /usr/local/gcc-arm-none-eabi-5_4-2016q2/bin/../lib/gcc/arm-none-eabi/5.4.1/../../../../arm-none-eabi/lib/armv7e-m/libg_nano.a(lib_a-nano-svfprintf.o)
 .rodata.str1.1
                0x0800520f       0x22 /usr/local/gcc-arm-none-eabi-5_4-2016q2/bin/../lib/gcc/arm-none-eabi/5.4.1/../../../../arm-none-eabi/lib/armv7e-m/libg_nano.a(lib_a-nano-vfprintf_i.o)
 *(vtable)
 *(.eh_frame*)
 *(.glue_7)
 .glue_7        0x08005231        0x0 linker stubs
 *(.glue_7t)
 .glue_7t       0x08005231        0x0 linker stubs

.vfp11_veneer   0x08005234        0x0
 .vfp11_veneer  0x08005234        0x0 linker stubs

.v4_bx          0x08005234        0x0
 .v4_bx         0x08005234        0x0 linker stubs

.iplt           0x08005234        0x0
 .iplt          0x08005234        0x0 ./system/src/stm32f4xx/stm32f4xx_hal.o

.rel.dyn        0x08005234        0x0
 .rel.iplt      0x08005234        0x0 ./system/src/stm32f4xx/stm32f4xx_hal.o

.ARM.extab
 *(.ARM.extab* .gnu.linkonce.armextab.*)
                0x08005234                . = ALIGN (0x4)
                0x08005234                __exidx_start = .

.ARM.exidx
 *(.ARM.exidx* .gnu.linkonce.armexidx.*)
                0x08005234                __exidx_end = .
                0x08005234                . = ALIGN (0x4)
                0x08005234                _etext = .
                0x08005234                __etext = .

.data_CCMRAM    0x10000000        0x0 load address 0x08005234
 FILL mask 0xff
 *(.data.CCMRAM .data.CCMRAM.*)
                0x10000000                . = ALIGN (0x4)
                0x08005234                _sidata = LOADADDR (.data)

.data           0x20000000       0x78 load address 0x08005234
 FILL mask 0xff
                0x20000000                _sdata = .
                0x20000000                __data_start__ = .
 *(.data_begin .data_begin.*)
 .data_begin    0x20000000        0x4 ./system/src/newlib/_startup.o
 *(.data .data.*)
 .data.argv.4282
                0x20000004        0x8 ./system/src/newlib/_syscalls.o
 .data.SystemCoreClock
                0x2000000c        0x4 ./system/src/cmsis/system_stm32f4xx.o
                0x2000000c                SystemCoreClock
 .data.impure_data
                0x20000010       0x60 /usr/local/gcc-arm-none-eabi-5_4-2016q2/bin/../lib/gcc/arm-none-eabi/5.4.1/../../../../arm-none-eabi/lib/armv7e-m/libg_nano.a(lib_a-impure.o)
 .data._impure_ptr
                0x20000070        0x4 /usr/local/gcc-arm-none-eabi-5_4-2016q2/bin/../lib/gcc/arm-none-eabi/5.4.1/../../../../arm-none-eabi/lib/armv7e-m/libg_nano.a(lib_a-impure.o)
                0x20000070                _impure_ptr
 *(.data_end .data_end.*)
 .data_end      0x20000074        0x4 ./system/src/newlib/_startup.o
                0x20000078                . = ALIGN (0x4)
                0x20000078                _edata = .
                0x20000078                __data_end__ = .

.igot.plt       0x20000078        0x0 load address 0x080052ac
 .igot.plt      0x20000078        0x0 ./system/src/stm32f4xx/stm32f4xx_hal.o

.bss_CCMRAM     0x10000000        0x0
 *(.bss.CCMRAM .bss.CCMRAM.*)

.bss            0x20000078      0x268
                0x20000078                __bss_start__ = .
                0x20000078                _sbss = .
 *(.bss_begin .bss_begin.*)
 .bss_begin     0x20000078        0x4 ./system/src/newlib/_startup.o
 *(.bss .bss.*)
 .bss.current_heap_end.3973
                0x2000007c        0x4 ./system/src/newlib/_sbrk.o
 .bss.name.4281
                0x20000080        0x1 ./system/src/newlib/_syscalls.o
 *fill*         0x20000081        0x3 
 .bss.buf.5165  0x20000084       0x80 ./system/src/diag/Trace.o
 .bss.__malloc_sbrk_start
                0x20000104        0x4 /usr/local/gcc-arm-none-eabi-5_4-2016q2/bin/../lib/gcc/arm-none-eabi/5.4.1/../../../../arm-none-eabi/lib/armv7e-m/libg_nano.a(lib_a-nano-mallocr.o)
                0x20000104                __malloc_sbrk_start
 .bss.__malloc_free_list
                0x20000108        0x4 /usr/local/gcc-arm-none-eabi-5_4-2016q2/bin/../lib/gcc/arm-none-eabi/5.4.1/../../../../arm-none-eabi/lib/armv7e-m/libg_nano.a(lib_a-nano-mallocr.o)
                0x20000108                __malloc_free_list
 *(COMMON)
 COMMON         0x2000010c        0x4 ./system/src/stm32f4xx/stm32f4xx_hal.o
                0x2000010c                uwTick
 COMMON         0x20000110        0x4 ./system/src/newlib/_syscalls.o
                0x20000110                errno
 COMMON         0x20000114      0x1c8 ./src/main.o
                0x20000114                hi2c3
                0x20000168                hspi5
                0x200001c0                hltdc
                0x20000268                huart1
                0x200002a8                hsdram1
 *(.bss_end .bss_end.*)
 .bss_end       0x200002dc        0x4 ./system/src/newlib/_startup.o
                0x200002e0                . = ALIGN (0x4)
                0x200002e0                __bss_end__ = .
                0x200002e0                _ebss = .

.noinit_CCMRAM
 *(.noinit.CCMRAM .noinit.CCMRAM.*)

.noinit         0x200002e0        0x0
                0x200002e0                _noinit = .
 *(.noinit .noinit.*)
                0x200002e0                . = ALIGN (0x4)
                0x200002e0                _end_noinit = .
                [!provide]                PROVIDE (end, _end_noinit)
                [!provide]                PROVIDE (_end, _end_noinit)
                [!provide]                PROVIDE (__end, _end_noinit)
                [!provide]                PROVIDE (__end__, _end_noinit)

._check_stack   0x200002e0      0x100
                0x200003e0                . = (. + _Minimum_Stack_Size)
 *fill*         0x200002e0      0x100 

.b1text
 *(.b1text)
 *(.b1rodata)
 *(.b1rodata.*)

.eb0text
 *(.eb0text)
 *(.eb0rodata)
 *(.eb0rodata.*)

.eb1text
 *(.eb1text)
 *(.eb1rodata)
 *(.eb1rodata.*)

.eb2text
 *(.eb2text)
 *(.eb2rodata)
 *(.eb2rodata.*)

.eb3text
 *(.eb3text)
 *(.eb3rodata)
 *(.eb3rodata.*)

.stab
 *(.stab)

.stabstr
 *(.stabstr)

.stab.excl
 *(.stab.excl)

.stab.exclstr
 *(.stab.exclstr)

.stab.index
 *(.stab.index)

.stab.indexstr
 *(.stab.indexstr)

.comment        0x00000000       0x6e
 *(.comment)
 .comment       0x00000000       0x6e ./system/src/stm32f4xx/stm32f4xx_hal.o
                                 0x6f (size before relaxing)
 .comment       0x0000006e       0x6f ./system/src/stm32f4xx/stm32f4xx_hal_cortex.o
 .comment       0x0000006e       0x6f ./system/src/stm32f4xx/stm32f4xx_hal_gpio.o
 .comment       0x0000006e       0x6f ./system/src/stm32f4xx/stm32f4xx_hal_i2c.o
 .comment       0x0000006e       0x6f ./system/src/stm32f4xx/stm32f4xx_hal_ltdc.o
 .comment       0x0000006e       0x6f ./system/src/stm32f4xx/stm32f4xx_hal_rcc.o
 .comment       0x0000006e       0x6f ./system/src/stm32f4xx/stm32f4xx_hal_rcc_ex.o
 .comment       0x0000006e       0x6f ./system/src/stm32f4xx/stm32f4xx_hal_sdram.o
 .comment       0x0000006e       0x6f ./system/src/stm32f4xx/stm32f4xx_hal_spi.o
 .comment       0x0000006e       0x6f ./system/src/stm32f4xx/stm32f4xx_hal_uart.o
 .comment       0x0000006e       0x6f ./system/src/stm32f4xx/stm32f4xx_ll_fmc.o
 .comment       0x0000006e       0x6f ./system/src/newlib/_exit.o
 .comment       0x0000006e       0x6f ./system/src/newlib/_sbrk.o
 .comment       0x0000006e       0x6f ./system/src/newlib/_startup.o
 .comment       0x0000006e       0x6f ./system/src/newlib/_syscalls.o
 .comment       0x0000006e       0x6f ./system/src/diag/Trace.o
 .comment       0x0000006e       0x6f ./system/src/diag/trace_impl.o
 .comment       0x0000006e       0x6f ./system/src/cortexm/_initialize_hardware.o
 .comment       0x0000006e       0x6f ./system/src/cortexm/exception_handlers.o
 .comment       0x0000006e       0x6f ./system/src/cmsis/system_stm32f4xx.o
 .comment       0x0000006e       0x6f ./src/main.o
 .comment       0x0000006e       0x6f ./src/stm32f4xx_hal_msp.o
 .comment       0x0000006e       0x6f ./src/stm32f4xx_it.o

.ARM.attributes
                0x00000000       0x31
 .ARM.attributes
                0x00000000       0x33 ./system/src/stm32f4xx/stm32f4xx_hal.o
 .ARM.attributes
                0x00000033       0x33 ./system/src/stm32f4xx/stm32f4xx_hal_cortex.o
 .ARM.attributes
                0x00000066       0x33 ./system/src/stm32f4xx/stm32f4xx_hal_gpio.o
 .ARM.attributes
                0x00000099       0x33 ./system/src/stm32f4xx/stm32f4xx_hal_i2c.o
 .ARM.attributes
                0x000000cc       0x33 ./system/src/stm32f4xx/stm32f4xx_hal_ltdc.o
 .ARM.attributes
                0x000000ff       0x33 ./system/src/stm32f4xx/stm32f4xx_hal_rcc.o
 .ARM.attributes
                0x00000132       0x33 ./system/src/stm32f4xx/stm32f4xx_hal_rcc_ex.o
 .ARM.attributes
                0x00000165       0x33 ./system/src/stm32f4xx/stm32f4xx_hal_sdram.o
 .ARM.attributes
                0x00000198       0x33 ./system/src/stm32f4xx/stm32f4xx_hal_spi.o
 .ARM.attributes
                0x000001cb       0x33 ./system/src/stm32f4xx/stm32f4xx_hal_uart.o
 .ARM.attributes
                0x000001fe       0x33 ./system/src/stm32f4xx/stm32f4xx_ll_fmc.o
 .ARM.attributes
                0x00000231       0x33 ./system/src/newlib/_exit.o
 .ARM.attributes
                0x00000264       0x33 ./system/src/newlib/_sbrk.o
 .ARM.attributes
                0x00000297       0x33 ./system/src/newlib/_startup.o
 .ARM.attributes
                0x000002ca       0x33 ./system/src/newlib/_syscalls.o
 .ARM.attributes
                0x000002fd       0x33 ./system/src/diag/Trace.o
 .ARM.attributes
                0x00000330       0x33 ./system/src/diag/trace_impl.o
 .ARM.attributes
                0x00000363       0x33 ./system/src/cortexm/_initialize_hardware.o
 .ARM.attributes
                0x00000396       0x33 ./system/src/cortexm/exception_handlers.o
 .ARM.attributes
                0x000003c9       0x21 ./system/src/cmsis/startup_stm32f429xx.o
 .ARM.attributes
                0x000003ea       0x33 ./system/src/cmsis/system_stm32f4xx.o
 .ARM.attributes
                0x0000041d       0x33 ./src/main.o
 .ARM.attributes
                0x00000450       0x33 ./src/stm32f4xx_hal_msp.o
 .ARM.attributes
                0x00000483       0x33 ./src/stm32f4xx_it.o
 .ARM.attributes
                0x000004b6       0x2e /usr/local/gcc-arm-none-eabi-5_4-2016q2/bin/../lib/gcc/arm-none-eabi/5.4.1/../../../../arm-none-eabi/lib/armv7e-m/libg_nano.a(lib_a-errno.o)
 .ARM.attributes
                0x000004e4       0x2e /usr/local/gcc-arm-none-eabi-5_4-2016q2/bin/../lib/gcc/arm-none-eabi/5.4.1/../../../../arm-none-eabi/lib/armv7e-m/libg_nano.a(lib_a-impure.o)
 .ARM.attributes
                0x00000512       0x2e /usr/local/gcc-arm-none-eabi-5_4-2016q2/bin/../lib/gcc/arm-none-eabi/5.4.1/../../../../arm-none-eabi/lib/armv7e-m/libg_nano.a(lib_a-memcpy-stub.o)
 .ARM.attributes
                0x00000540       0x2e /usr/local/gcc-arm-none-eabi-5_4-2016q2/bin/../lib/gcc/arm-none-eabi/5.4.1/../../../../arm-none-eabi/lib/armv7e-m/libg_nano.a(lib_a-vsnprintf.o)
 .ARM.attributes
                0x0000056e       0x2e /usr/local/gcc-arm-none-eabi-5_4-2016q2/bin/../lib/gcc/arm-none-eabi/5.4.1/../../../../arm-none-eabi/lib/armv7e-m/libg_nano.a(lib_a-nano-svfprintf.o)
 .ARM.attributes
                0x0000059c       0x2e /usr/local/gcc-arm-none-eabi-5_4-2016q2/bin/../lib/gcc/arm-none-eabi/5.4.1/../../../../arm-none-eabi/lib/armv7e-m/libg_nano.a(lib_a-nano-vfprintf_i.o)
 .ARM.attributes
                0x000005ca       0x1c /usr/local/gcc-arm-none-eabi-5_4-2016q2/bin/../lib/gcc/arm-none-eabi/5.4.1/../../../../arm-none-eabi/lib/armv7e-m/libg_nano.a(lib_a-memchr.o)
 .ARM.attributes
                0x000005e6       0x2e /usr/local/gcc-arm-none-eabi-5_4-2016q2/bin/../lib/gcc/arm-none-eabi/5.4.1/../../../../arm-none-eabi/lib/armv7e-m/libg_nano.a(lib_a-memmove.o)
 .ARM.attributes
                0x00000614       0x2e /usr/local/gcc-arm-none-eabi-5_4-2016q2/bin/../lib/gcc/arm-none-eabi/5.4.1/../../../../arm-none-eabi/lib/armv7e-m/libg_nano.a(lib_a-nano-freer.o)
 .ARM.attributes
                0x00000642       0x2e /usr/local/gcc-arm-none-eabi-5_4-2016q2/bin/../lib/gcc/arm-none-eabi/5.4.1/../../../../arm-none-eabi/lib/armv7e-m/libg_nano.a(lib_a-nano-mallocr.o)
 .ARM.attributes
                0x00000670       0x2e /usr/local/gcc-arm-none-eabi-5_4-2016q2/bin/../lib/gcc/arm-none-eabi/5.4.1/../../../../arm-none-eabi/lib/armv7e-m/libg_nano.a(lib_a-nano-reallocr.o)
 .ARM.attributes
                0x0000069e       0x2e /usr/local/gcc-arm-none-eabi-5_4-2016q2/bin/../lib/gcc/arm-none-eabi/5.4.1/../../../../arm-none-eabi/lib/armv7e-m/libg_nano.a(lib_a-sbrkr.o)
 .ARM.attributes
                0x000006cc       0x2e /usr/local/gcc-arm-none-eabi-5_4-2016q2/bin/../lib/gcc/arm-none-eabi/5.4.1/../../../../arm-none-eabi/lib/armv7e-m/libg_nano.a(lib_a-mlock.o)
 .ARM.attributes
                0x000006fa       0x2e /usr/local/gcc-arm-none-eabi-5_4-2016q2/bin/../lib/gcc/arm-none-eabi/5.4.1/../../../../arm-none-eabi/lib/armv7e-m/libg_nano.a(lib_a-nano-msizer.o)

.debug
 *(.debug)

.line
 *(.line)

.debug_srcinfo
 *(.debug_srcinfo)

.debug_sfnames
 *(.debug_sfnames)

.debug_aranges  0x00000000      0xe70
 *(.debug_aranges)
 .debug_aranges
                0x00000000       0xd0 ./system/src/stm32f4xx/stm32f4xx_hal.o
 .debug_aranges
                0x000000d0      0x108 ./system/src/stm32f4xx/stm32f4xx_hal_cortex.o
 .debug_aranges
                0x000001d8       0x58 ./system/src/stm32f4xx/stm32f4xx_hal_gpio.o
 .debug_aranges
                0x00000230      0x268 ./system/src/stm32f4xx/stm32f4xx_hal_i2c.o
 .debug_aranges
                0x00000498      0x158 ./system/src/stm32f4xx/stm32f4xx_hal_ltdc.o
 .debug_aranges
                0x000005f0       0x88 ./system/src/stm32f4xx/stm32f4xx_hal_rcc.o
 .debug_aranges
                0x00000678       0x30 ./system/src/stm32f4xx/stm32f4xx_hal_rcc_ex.o
 .debug_aranges
                0x000006a8       0xd0 ./system/src/stm32f4xx/stm32f4xx_hal_sdram.o
 .debug_aranges
                0x00000778      0x190 ./system/src/stm32f4xx/stm32f4xx_hal_spi.o
 .debug_aranges
                0x00000908      0x168 ./system/src/stm32f4xx/stm32f4xx_hal_uart.o
 .debug_aranges
                0x00000a70       0xf0 ./system/src/stm32f4xx/stm32f4xx_ll_fmc.o
 .debug_aranges
                0x00000b60       0x28 ./system/src/newlib/_exit.o
 .debug_aranges
                0x00000b88       0x20 ./system/src/newlib/_sbrk.o
 .debug_aranges
                0x00000ba8       0x40 ./system/src/newlib/_startup.o
 .debug_aranges
                0x00000be8       0x30 ./system/src/newlib/_syscalls.o
 .debug_aranges
                0x00000c18       0x38 ./system/src/diag/Trace.o
 .debug_aranges
                0x00000c50       0x28 ./system/src/diag/trace_impl.o
 .debug_aranges
                0x00000c78       0x28 ./system/src/cortexm/_initialize_hardware.o
 .debug_aranges
                0x00000ca0       0x88 ./system/src/cortexm/exception_handlers.o
 .debug_aranges
                0x00000d28       0x28 ./system/src/cmsis/startup_stm32f429xx.o
 .debug_aranges
                0x00000d50       0x28 ./system/src/cmsis/system_stm32f4xx.o
 .debug_aranges
                0x00000d78       0x68 ./src/main.o
 .debug_aranges
                0x00000de0       0x60 ./src/stm32f4xx_hal_msp.o
 .debug_aranges
                0x00000e40       0x30 ./src/stm32f4xx_it.o

.debug_pubnames
 *(.debug_pubnames)

.debug_info     0x00000000     0xe26e
 *(.debug_info .gnu.linkonce.wi.*)
 .debug_info    0x00000000      0x912 ./system/src/stm32f4xx/stm32f4xx_hal.o
 .debug_info    0x00000912      0xd40 ./system/src/stm32f4xx/stm32f4xx_hal_cortex.o
 .debug_info    0x00001652      0x70d ./system/src/stm32f4xx/stm32f4xx_hal_gpio.o
 .debug_info    0x00001d5f     0x201f ./system/src/stm32f4xx/stm32f4xx_hal_i2c.o
 .debug_info    0x00003d7e     0x1049 ./system/src/stm32f4xx/stm32f4xx_hal_ltdc.o
 .debug_info    0x00004dc7      0xb26 ./system/src/stm32f4xx/stm32f4xx_hal_rcc.o
 .debug_info    0x000058ed      0x875 ./system/src/stm32f4xx/stm32f4xx_hal_rcc_ex.o
 .debug_info    0x00006162      0xbdb ./system/src/stm32f4xx/stm32f4xx_hal_sdram.o
 .debug_info    0x00006d3d     0x1251 ./system/src/stm32f4xx/stm32f4xx_hal_spi.o
 .debug_info    0x00007f8e      0xef6 ./system/src/stm32f4xx/stm32f4xx_hal_uart.o
 .debug_info    0x00008e84      0xe63 ./system/src/stm32f4xx/stm32f4xx_ll_fmc.o
 .debug_info    0x00009ce7       0xba ./system/src/newlib/_exit.o
 .debug_info    0x00009da1      0x109 ./system/src/newlib/_sbrk.o
 .debug_info    0x00009eaa      0x3d5 ./system/src/newlib/_startup.o
 .debug_info    0x0000a27f      0x1a9 ./system/src/newlib/_syscalls.o
 .debug_info    0x0000a428      0x1cf ./system/src/diag/Trace.o
 .debug_info    0x0000a5f7      0x114 ./system/src/diag/trace_impl.o
 .debug_info    0x0000a70b      0x27f ./system/src/cortexm/_initialize_hardware.o
 .debug_info    0x0000a98a      0x51e ./system/src/cortexm/exception_handlers.o
 .debug_info    0x0000aea8       0x89 ./system/src/cmsis/startup_stm32f429xx.o
 .debug_info    0x0000af31      0x4c0 ./system/src/cmsis/system_stm32f4xx.o
 .debug_info    0x0000b3f1     0x197b ./src/main.o
 .debug_info    0x0000cd6c     0x142e ./src/stm32f4xx_hal_msp.o
 .debug_info    0x0000e19a       0xd4 ./src/stm32f4xx_it.o

.debug_abbrev   0x00000000     0x22b8
 *(.debug_abbrev)
 .debug_abbrev  0x00000000      0x20f ./system/src/stm32f4xx/stm32f4xx_hal.o
 .debug_abbrev  0x0000020f      0x2b2 ./system/src/stm32f4xx/stm32f4xx_hal_cortex.o
 .debug_abbrev  0x000004c1      0x1af ./system/src/stm32f4xx/stm32f4xx_hal_gpio.o
 .debug_abbrev  0x00000670      0x200 ./system/src/stm32f4xx/stm32f4xx_hal_i2c.o
 .debug_abbrev  0x00000870      0x1fa ./system/src/stm32f4xx/stm32f4xx_hal_ltdc.o
 .debug_abbrev  0x00000a6a      0x2b3 ./system/src/stm32f4xx/stm32f4xx_hal_rcc.o
 .debug_abbrev  0x00000d1d      0x1ab ./system/src/stm32f4xx/stm32f4xx_hal_rcc_ex.o
 .debug_abbrev  0x00000ec8      0x1dd ./system/src/stm32f4xx/stm32f4xx_hal_sdram.o
 .debug_abbrev  0x000010a5      0x202 ./system/src/stm32f4xx/stm32f4xx_hal_spi.o
 .debug_abbrev  0x000012a7      0x227 ./system/src/stm32f4xx/stm32f4xx_hal_uart.o
 .debug_abbrev  0x000014ce      0x156 ./system/src/stm32f4xx/stm32f4xx_ll_fmc.o
 .debug_abbrev  0x00001624       0x74 ./system/src/newlib/_exit.o
 .debug_abbrev  0x00001698       0x8e ./system/src/newlib/_sbrk.o
 .debug_abbrev  0x00001726      0x155 ./system/src/newlib/_startup.o
 .debug_abbrev  0x0000187b       0xd0 ./system/src/newlib/_syscalls.o
 .debug_abbrev  0x0000194b       0xf0 ./system/src/diag/Trace.o
 .debug_abbrev  0x00001a3b       0xb4 ./system/src/diag/trace_impl.o
 .debug_abbrev  0x00001aef       0xcc ./system/src/cortexm/_initialize_hardware.o
 .debug_abbrev  0x00001bbb      0x192 ./system/src/cortexm/exception_handlers.o
 .debug_abbrev  0x00001d4d       0x12 ./system/src/cmsis/startup_stm32f429xx.o
 .debug_abbrev  0x00001d5f      0x104 ./system/src/cmsis/system_stm32f4xx.o
 .debug_abbrev  0x00001e63      0x22b ./src/main.o
 .debug_abbrev  0x0000208e      0x1a8 ./src/stm32f4xx_hal_msp.o
 .debug_abbrev  0x00002236       0x82 ./src/stm32f4xx_it.o

.debug_line     0x00000000     0xc301
 *(.debug_line)
 .debug_line    0x00000000      0x80f ./system/src/stm32f4xx/stm32f4xx_hal.o
 .debug_line    0x0000080f      0xabc ./system/src/stm32f4xx/stm32f4xx_hal_cortex.o
 .debug_line    0x000012cb      0xa22 ./system/src/stm32f4xx/stm32f4xx_hal_gpio.o
 .debug_line    0x00001ced     0x1760 ./system/src/stm32f4xx/stm32f4xx_hal_i2c.o
 .debug_line    0x0000344d     0x1074 ./system/src/stm32f4xx/stm32f4xx_hal_ltdc.o
 .debug_line    0x000044c1      0xafb ./system/src/stm32f4xx/stm32f4xx_hal_rcc.o
 .debug_line    0x00004fbc      0x93e ./system/src/stm32f4xx/stm32f4xx_hal_rcc_ex.o
 .debug_line    0x000058fa      0x985 ./system/src/stm32f4xx/stm32f4xx_hal_sdram.o
 .debug_line    0x0000627f      0xfb8 ./system/src/stm32f4xx/stm32f4xx_hal_spi.o
 .debug_line    0x00007237      0xfd6 ./system/src/stm32f4xx/stm32f4xx_hal_uart.o
 .debug_line    0x0000820d      0xf8f ./system/src/stm32f4xx/stm32f4xx_ll_fmc.o
 .debug_line    0x0000919c      0x2fc ./system/src/newlib/_exit.o
 .debug_line    0x00009498      0x2aa ./system/src/newlib/_sbrk.o
 .debug_line    0x00009742      0x36b ./system/src/newlib/_startup.o
 .debug_line    0x00009aad      0x3ab ./system/src/newlib/_syscalls.o
 .debug_line    0x00009e58      0x35a ./system/src/diag/Trace.o
 .debug_line    0x0000a1b2      0x3bb ./system/src/diag/trace_impl.o
 .debug_line    0x0000a56d      0x1ab ./system/src/cortexm/_initialize_hardware.o
 .debug_line    0x0000a718      0x4b6 ./system/src/cortexm/exception_handlers.o
 .debug_line    0x0000abce       0x88 ./system/src/cmsis/startup_stm32f429xx.o
 .debug_line    0x0000ac56      0x1ab ./system/src/cmsis/system_stm32f4xx.o
 .debug_line    0x0000ae01      0x789 ./src/main.o
 .debug_line    0x0000b58a      0x71f ./src/stm32f4xx_hal_msp.o
 .debug_line    0x0000bca9      0x658 ./src/stm32f4xx_it.o

.debug_frame    0x00000000     0x3b78
 *(.debug_frame)
 .debug_frame   0x00000000      0x310 ./system/src/stm32f4xx/stm32f4xx_hal.o
 .debug_frame   0x00000310      0x44c ./system/src/stm32f4xx/stm32f4xx_hal_cortex.o
 .debug_frame   0x0000075c      0x13c ./system/src/stm32f4xx/stm32f4xx_hal_gpio.o
 .debug_frame   0x00000898      0xb1c ./system/src/stm32f4xx/stm32f4xx_hal_i2c.o
 .debug_frame   0x000013b4      0x5e4 ./system/src/stm32f4xx/stm32f4xx_hal_ltdc.o
 .debug_frame   0x00001998      0x200 ./system/src/stm32f4xx/stm32f4xx_hal_rcc.o
 .debug_frame   0x00001b98       0x80 ./system/src/stm32f4xx/stm32f4xx_hal_rcc_ex.o
 .debug_frame   0x00001c18      0x37c ./system/src/stm32f4xx/stm32f4xx_hal_sdram.o
 .debug_frame   0x00001f94      0x6f0 ./system/src/stm32f4xx/stm32f4xx_hal_spi.o
 .debug_frame   0x00002684      0x650 ./system/src/stm32f4xx/stm32f4xx_hal_uart.o
 .debug_frame   0x00002cd4      0x3e4 ./system/src/stm32f4xx/stm32f4xx_ll_fmc.o
 .debug_frame   0x000030b8       0x48 ./system/src/newlib/_exit.o
 .debug_frame   0x00003100       0x34 ./system/src/newlib/_sbrk.o
 .debug_frame   0x00003134       0xc8 ./system/src/newlib/_startup.o
 .debug_frame   0x000031fc       0x80 ./system/src/newlib/_syscalls.o
 .debug_frame   0x0000327c       0xb8 ./system/src/diag/Trace.o
 .debug_frame   0x00003334       0x58 ./system/src/diag/trace_impl.o
 .debug_frame   0x0000338c       0x48 ./system/src/cortexm/_initialize_hardware.o
 .debug_frame   0x000033d4      0x178 ./system/src/cortexm/exception_handlers.o
 .debug_frame   0x0000354c       0x58 ./system/src/cmsis/system_stm32f4xx.o
 .debug_frame   0x000035a4      0x158 ./src/main.o
 .debug_frame   0x000036fc      0x14c ./src/stm32f4xx_hal_msp.o
 .debug_frame   0x00003848       0x6c ./src/stm32f4xx_it.o
 .debug_frame   0x000038b4       0x20 /usr/local/gcc-arm-none-eabi-5_4-2016q2/bin/../lib/gcc/arm-none-eabi/5.4.1/../../../../arm-none-eabi/lib/armv7e-m/libg_nano.a(lib_a-errno.o)
 .debug_frame   0x000038d4       0x28 /usr/local/gcc-arm-none-eabi-5_4-2016q2/bin/../lib/gcc/arm-none-eabi/5.4.1/../../../../arm-none-eabi/lib/armv7e-m/libg_nano.a(lib_a-memcpy-stub.o)
 .debug_frame   0x000038fc       0x48 /usr/local/gcc-arm-none-eabi-5_4-2016q2/bin/../lib/gcc/arm-none-eabi/5.4.1/../../../../arm-none-eabi/lib/armv7e-m/libg_nano.a(lib_a-vsnprintf.o)
 .debug_frame   0x00003944       0x90 /usr/local/gcc-arm-none-eabi-5_4-2016q2/bin/../lib/gcc/arm-none-eabi/5.4.1/../../../../arm-none-eabi/lib/armv7e-m/libg_nano.a(lib_a-nano-svfprintf.o)
 .debug_frame   0x000039d4       0x60 /usr/local/gcc-arm-none-eabi-5_4-2016q2/bin/../lib/gcc/arm-none-eabi/5.4.1/../../../../arm-none-eabi/lib/armv7e-m/libg_nano.a(lib_a-nano-vfprintf_i.o)
 .debug_frame   0x00003a34       0x28 /usr/local/gcc-arm-none-eabi-5_4-2016q2/bin/../lib/gcc/arm-none-eabi/5.4.1/../../../../arm-none-eabi/lib/armv7e-m/libg_nano.a(lib_a-memmove.o)
 .debug_frame   0x00003a5c       0x38 /usr/local/gcc-arm-none-eabi-5_4-2016q2/bin/../lib/gcc/arm-none-eabi/5.4.1/../../../../arm-none-eabi/lib/armv7e-m/libg_nano.a(lib_a-nano-freer.o)
 .debug_frame   0x00003a94       0x2c /usr/local/gcc-arm-none-eabi-5_4-2016q2/bin/../lib/gcc/arm-none-eabi/5.4.1/../../../../arm-none-eabi/lib/armv7e-m/libg_nano.a(lib_a-nano-mallocr.o)
 .debug_frame   0x00003ac0       0x3c /usr/local/gcc-arm-none-eabi-5_4-2016q2/bin/../lib/gcc/arm-none-eabi/5.4.1/../../../../arm-none-eabi/lib/armv7e-m/libg_nano.a(lib_a-nano-reallocr.o)
 .debug_frame   0x00003afc       0x2c /usr/local/gcc-arm-none-eabi-5_4-2016q2/bin/../lib/gcc/arm-none-eabi/5.4.1/../../../../arm-none-eabi/lib/armv7e-m/libg_nano.a(lib_a-sbrkr.o)
 .debug_frame   0x00003b28       0x30 /usr/local/gcc-arm-none-eabi-5_4-2016q2/bin/../lib/gcc/arm-none-eabi/5.4.1/../../../../arm-none-eabi/lib/armv7e-m/libg_nano.a(lib_a-mlock.o)
 .debug_frame   0x00003b58       0x20 /usr/local/gcc-arm-none-eabi-5_4-2016q2/bin/../lib/gcc/arm-none-eabi/5.4.1/../../../../arm-none-eabi/lib/armv7e-m/libg_nano.a(lib_a-nano-msizer.o)

.debug_str      0x00000000    0x7dfb8
 *(.debug_str)
 .debug_str     0x00000000    0x77db7 ./system/src/stm32f4xx/stm32f4xx_hal.o
                              0x7818b (size before relaxing)
 .debug_str     0x00077db7      0x3ba ./system/src/stm32f4xx/stm32f4xx_hal_cortex.o
                              0x77fe0 (size before relaxing)
 .debug_str     0x00078171      0x2d5 ./system/src/stm32f4xx/stm32f4xx_hal_gpio.o
                              0x779a5 (size before relaxing)
 .debug_str     0x00078446      0xed4 ./system/src/stm32f4xx/stm32f4xx_hal_i2c.o
                              0x7851d (size before relaxing)
 .debug_str     0x0007931a      0x6f4 ./system/src/stm32f4xx/stm32f4xx_hal_ltdc.o
                              0x77d44 (size before relaxing)
 .debug_str     0x00079a0e      0x391 ./system/src/stm32f4xx/stm32f4xx_hal_rcc.o
                              0x77b1c (size before relaxing)
 .debug_str     0x00079d9f      0x158 ./system/src/stm32f4xx/stm32f4xx_hal_rcc_ex.o
                              0x77856 (size before relaxing)
 .debug_str     0x00079ef7      0x4c2 ./system/src/stm32f4xx/stm32f4xx_hal_sdram.o
                              0x77ce7 (size before relaxing)
 .debug_str     0x0007a3b9      0x603 ./system/src/stm32f4xx/stm32f4xx_hal_spi.o
                              0x77e54 (size before relaxing)
 .debug_str     0x0007a9bc      0x51c ./system/src/stm32f4xx/stm32f4xx_hal_uart.o
                              0x77dbe (size before relaxing)
 .debug_str     0x0007aed8      0x54a ./system/src/stm32f4xx/stm32f4xx_ll_fmc.o
                              0x77d53 (size before relaxing)
 .debug_str     0x0007b422     0x10a6 ./system/src/newlib/_exit.o
                               0x6e8b (size before relaxing)
 .debug_str     0x0007c4c8      0x4d6 ./system/src/newlib/_sbrk.o
                               0x6279 (size before relaxing)
 .debug_str     0x0007c99e      0x217 ./system/src/newlib/_startup.o
                               0x5dcb (size before relaxing)
 .debug_str     0x0007cbb5      0xe20 ./system/src/newlib/_syscalls.o
                               0x70c9 (size before relaxing)
 .debug_str     0x0007d9d5      0x16f ./system/src/diag/Trace.o
                               0x7659 (size before relaxing)
 .debug_str     0x0007db44       0x57 ./system/src/diag/trace_impl.o
                              0x38400 (size before relaxing)
 .debug_str     0x0007db9b       0x6f ./system/src/cortexm/_initialize_hardware.o
                              0x348c1 (size before relaxing)
 .debug_str     0x0007dc0a      0x1e5 ./system/src/cortexm/exception_handlers.o
                              0x39259 (size before relaxing)
 .debug_str     0x0007ddef       0xa5 ./system/src/cmsis/system_stm32f4xx.o
                              0x34a20 (size before relaxing)
 .debug_str     0x0007de94       0xe1 ./src/main.o
                              0x78b86 (size before relaxing)
 .debug_str     0x0007df75       0x1b ./src/stm32f4xx_hal_msp.o
                              0x78710 (size before relaxing)
 .debug_str     0x0007df90       0x28 ./src/stm32f4xx_it.o
                              0x7758c (size before relaxing)

.debug_loc
 *(.debug_loc)

.debug_macinfo
 *(.debug_macinfo)

.debug_weaknames
 *(.debug_weaknames)

.debug_funcnames
 *(.debug_funcnames)

.debug_typenames
 *(.debug_typenames)

.debug_varnames
 *(.debug_varnames)
OUTPUT(STM32F429I-DISC1_3.elf elf32-littlearm)

.debug_ranges   0x00000000      0xcf8
 .debug_ranges  0x00000000       0xc0 ./system/src/stm32f4xx/stm32f4xx_hal.o
 .debug_ranges  0x000000c0       0xf8 ./system/src/stm32f4xx/stm32f4xx_hal_cortex.o
 .debug_ranges  0x000001b8       0x48 ./system/src/stm32f4xx/stm32f4xx_hal_gpio.o
 .debug_ranges  0x00000200      0x258 ./system/src/stm32f4xx/stm32f4xx_hal_i2c.o
 .debug_ranges  0x00000458      0x148 ./system/src/stm32f4xx/stm32f4xx_hal_ltdc.o
 .debug_ranges  0x000005a0       0x78 ./system/src/stm32f4xx/stm32f4xx_hal_rcc.o
 .debug_ranges  0x00000618       0x20 ./system/src/stm32f4xx/stm32f4xx_hal_rcc_ex.o
 .debug_ranges  0x00000638       0xc0 ./system/src/stm32f4xx/stm32f4xx_hal_sdram.o
 .debug_ranges  0x000006f8      0x180 ./system/src/stm32f4xx/stm32f4xx_hal_spi.o
 .debug_ranges  0x00000878      0x158 ./system/src/stm32f4xx/stm32f4xx_hal_uart.o
 .debug_ranges  0x000009d0       0xe0 ./system/src/stm32f4xx/stm32f4xx_ll_fmc.o
 .debug_ranges  0x00000ab0       0x18 ./system/src/newlib/_exit.o
 .debug_ranges  0x00000ac8       0x10 ./system/src/newlib/_sbrk.o
 .debug_ranges  0x00000ad8       0x30 ./system/src/newlib/_startup.o
 .debug_ranges  0x00000b08       0x20 ./system/src/newlib/_syscalls.o
 .debug_ranges  0x00000b28       0x28 ./system/src/diag/Trace.o
 .debug_ranges  0x00000b50       0x18 ./system/src/diag/trace_impl.o
 .debug_ranges  0x00000b68       0x18 ./system/src/cortexm/_initialize_hardware.o
 .debug_ranges  0x00000b80       0x78 ./system/src/cortexm/exception_handlers.o
 .debug_ranges  0x00000bf8       0x20 ./system/src/cmsis/startup_stm32f429xx.o
 .debug_ranges  0x00000c18       0x18 ./system/src/cmsis/system_stm32f4xx.o
 .debug_ranges  0x00000c30       0x58 ./src/main.o
 .debug_ranges  0x00000c88       0x50 ./src/stm32f4xx_hal_msp.o
 .debug_ranges  0x00000cd8       0x20 ./src/stm32f4xx_it.o

.debug_macro    0x00000000    0x1850b
 .debug_macro   0x00000000      0x37a ./system/src/stm32f4xx/stm32f4xx_hal.o
 .debug_macro   0x0000037a      0x880 ./system/src/stm32f4xx/stm32f4xx_hal.o
 .debug_macro   0x00000bfa      0x478 ./system/src/stm32f4xx/stm32f4xx_hal.o
 .debug_macro   0x00001072      0x198 ./system/src/stm32f4xx/stm32f4xx_hal.o
 .debug_macro   0x0000120a       0x31 ./system/src/stm32f4xx/stm32f4xx_hal.o
 .debug_macro   0x0000123b       0x28 ./system/src/stm32f4xx/stm32f4xx_hal.o
 .debug_macro   0x00001263      0x34e ./system/src/stm32f4xx/stm32f4xx_hal.o
 .debug_macro   0x000015b1       0x35 ./system/src/stm32f4xx/stm32f4xx_hal.o
 .debug_macro   0x000015e6       0x50 ./system/src/stm32f4xx/stm32f4xx_hal.o
 .debug_macro   0x00001636      0xe66 ./system/src/stm32f4xx/stm32f4xx_hal.o
 .debug_macro   0x0000249c     0xa373 ./system/src/stm32f4xx/stm32f4xx_hal.o
 .debug_macro   0x0000c80f       0x43 ./system/src/stm32f4xx/stm32f4xx_hal.o
 .debug_macro   0x0000c852     0x34ef ./system/src/stm32f4xx/stm32f4xx_hal.o
 .debug_macro   0x0000fd41       0x22 ./system/src/stm32f4xx/stm32f4xx_hal.o
 .debug_macro   0x0000fd63       0x4c ./system/src/stm32f4xx/stm32f4xx_hal.o
 .debug_macro   0x0000fdaf       0x8d ./system/src/stm32f4xx/stm32f4xx_hal.o
 .debug_macro   0x0000fe3c       0x35 ./system/src/stm32f4xx/stm32f4xx_hal.o
 .debug_macro   0x0000fe71       0x9c ./system/src/stm32f4xx/stm32f4xx_hal.o
 .debug_macro   0x0000ff0d       0x16 ./system/src/stm32f4xx/stm32f4xx_hal.o
 .debug_macro   0x0000ff23       0x4a ./system/src/stm32f4xx/stm32f4xx_hal.o
 .debug_macro   0x0000ff6d       0x97 ./system/src/stm32f4xx/stm32f4xx_hal.o
 .debug_macro   0x00010004      0x30d ./system/src/stm32f4xx/stm32f4xx_hal.o
 .debug_macro   0x00010311       0xfd ./system/src/stm32f4xx/stm32f4xx_hal.o
 .debug_macro   0x0001040e       0x10 ./system/src/stm32f4xx/stm32f4xx_hal.o
 .debug_macro   0x0001041e       0x52 ./system/src/stm32f4xx/stm32f4xx_hal.o
 .debug_macro   0x00010470       0x1f ./system/src/stm32f4xx/stm32f4xx_hal.o
 .debug_macro   0x0001048f       0x43 ./system/src/stm32f4xx/stm32f4xx_hal.o
 .debug_macro   0x000104d2       0x20 ./system/src/stm32f4xx/stm32f4xx_hal.o
 .debug_macro   0x000104f2      0x187 ./system/src/stm32f4xx/stm32f4xx_hal.o
 .debug_macro   0x00010679       0x10 ./system/src/stm32f4xx/stm32f4xx_hal.o
 .debug_macro   0x00010689       0x5e ./system/src/stm32f4xx/stm32f4xx_hal.o
 .debug_macro   0x000106e7       0x1c ./system/src/stm32f4xx/stm32f4xx_hal.o
 .debug_macro   0x00010703       0x52 ./system/src/stm32f4xx/stm32f4xx_hal.o
 .debug_macro   0x00010755       0x40 ./system/src/stm32f4xx/stm32f4xx_hal.o
 .debug_macro   0x00010795       0x10 ./system/src/stm32f4xx/stm32f4xx_hal.o
 .debug_macro   0x000107a5       0x40 ./system/src/stm32f4xx/stm32f4xx_hal.o
 .debug_macro   0x000107e5       0xd7 ./system/src/stm32f4xx/stm32f4xx_hal.o
 .debug_macro   0x000108bc       0x16 ./system/src/stm32f4xx/stm32f4xx_hal.o
 .debug_macro   0x000108d2      0x189 ./system/src/stm32f4xx/stm32f4xx_hal.o
 .debug_macro   0x00010a5b       0x57 ./system/src/stm32f4xx/stm32f4xx_hal.o
 .debug_macro   0x00010ab2      0xc9e ./system/src/stm32f4xx/stm32f4xx_hal.o
 .debug_macro   0x00011750      0x9e1 ./system/src/stm32f4xx/stm32f4xx_hal.o
 .debug_macro   0x00012131      0x11e ./system/src/stm32f4xx/stm32f4xx_hal.o
 .debug_macro   0x0001224f      0x161 ./system/src/stm32f4xx/stm32f4xx_hal.o
 .debug_macro   0x000123b0       0x27 ./system/src/stm32f4xx/stm32f4xx_hal.o
 .debug_macro   0x000123d7      0x287 ./system/src/stm32f4xx/stm32f4xx_hal.o
 .debug_macro   0x0001265e       0x5f ./system/src/stm32f4xx/stm32f4xx_hal.o
 .debug_macro   0x000126bd      0x23a ./system/src/stm32f4xx/stm32f4xx_hal.o
 .debug_macro   0x000128f7      0x13a ./system/src/stm32f4xx/stm32f4xx_hal.o
 .debug_macro   0x00012a31      0x41d ./system/src/stm32f4xx/stm32f4xx_hal.o
 .debug_macro   0x00012e4e       0x2e ./system/src/stm32f4xx/stm32f4xx_hal.o
 .debug_macro   0x00012e7c      0x582 ./system/src/stm32f4xx/stm32f4xx_hal.o
 .debug_macro   0x000133fe      0x1a7 ./system/src/stm32f4xx/stm32f4xx_hal.o
 .debug_macro   0x000135a5       0x22 ./system/src/stm32f4xx/stm32f4xx_hal.o
 .debug_macro   0x000135c7       0xa5 ./system/src/stm32f4xx/stm32f4xx_hal.o
 .debug_macro   0x0001366c      0x183 ./system/src/stm32f4xx/stm32f4xx_hal.o
 .debug_macro   0x000137ef       0xd6 ./system/src/stm32f4xx/stm32f4xx_hal.o
 .debug_macro   0x000138c5      0x11e ./system/src/stm32f4xx/stm32f4xx_hal.o
 .debug_macro   0x000139e3       0xe2 ./system/src/stm32f4xx/stm32f4xx_hal.o
 .debug_macro   0x00013ac5       0x89 ./system/src/stm32f4xx/stm32f4xx_hal.o
 .debug_macro   0x00013b4e      0x202 ./system/src/stm32f4xx/stm32f4xx_hal.o
 .debug_macro   0x00013d50      0x287 ./system/src/stm32f4xx/stm32f4xx_hal.o
 .debug_macro   0x00013fd7      0x12c ./system/src/stm32f4xx/stm32f4xx_hal.o
 .debug_macro   0x00014103      0x32c ./system/src/stm32f4xx/stm32f4xx_hal_cortex.o
 .debug_macro   0x0001442f      0x364 ./system/src/stm32f4xx/stm32f4xx_hal_gpio.o
 .debug_macro   0x00014793      0x36c ./system/src/stm32f4xx/stm32f4xx_hal_i2c.o
 .debug_macro   0x00014aff      0x32c ./system/src/stm32f4xx/stm32f4xx_hal_ltdc.o
 .debug_macro   0x00014e2b      0x356 ./system/src/stm32f4xx/stm32f4xx_hal_rcc.o
 .debug_macro   0x00015181      0x32c ./system/src/stm32f4xx/stm32f4xx_hal_rcc_ex.o
 .debug_macro   0x000154ad      0x32c ./system/src/stm32f4xx/stm32f4xx_hal_sdram.o
 .debug_macro   0x000157d9      0x334 ./system/src/stm32f4xx/stm32f4xx_hal_spi.o
 .debug_macro   0x00015b0d      0x32d ./system/src/stm32f4xx/stm32f4xx_hal_uart.o
 .debug_macro   0x00015e3a      0x32c ./system/src/stm32f4xx/stm32f4xx_ll_fmc.o
 .debug_macro   0x00016166      0x19c ./system/src/newlib/_exit.o
 .debug_macro   0x00016302      0x10e ./system/src/newlib/_exit.o
 .debug_macro   0x00016410       0x8d ./system/src/newlib/_exit.o
 .debug_macro   0x0001649d       0x35 ./system/src/newlib/_exit.o
 .debug_macro   0x000164d2      0x151 ./system/src/newlib/_sbrk.o
 .debug_macro   0x00016623      0x174 ./system/src/newlib/_sbrk.o
 .debug_macro   0x00016797       0x10 ./system/src/newlib/_sbrk.o
 .debug_macro   0x000167a7      0x23b ./system/src/newlib/_sbrk.o
 .debug_macro   0x000169e2      0x15b ./system/src/newlib/_startup.o
 .debug_macro   0x00016b3d      0x1f5 ./system/src/newlib/_syscalls.o
 .debug_macro   0x00016d32       0x1c ./system/src/newlib/_syscalls.o
 .debug_macro   0x00016d4e       0x10 ./system/src/newlib/_syscalls.o
 .debug_macro   0x00016d5e       0x10 ./system/src/newlib/_syscalls.o
 .debug_macro   0x00016d6e       0x10 ./system/src/newlib/_syscalls.o
 .debug_macro   0x00016d7e       0x35 ./system/src/newlib/_syscalls.o
 .debug_macro   0x00016db3      0x122 ./system/src/newlib/_syscalls.o
 .debug_macro   0x00016ed5       0x88 ./system/src/newlib/_syscalls.o
 .debug_macro   0x00016f5d       0x2b ./system/src/newlib/_syscalls.o
 .debug_macro   0x00016f88      0x118 ./system/src/newlib/_syscalls.o
 .debug_macro   0x000170a0      0x159 ./system/src/newlib/_syscalls.o
 .debug_macro   0x000171f9       0x16 ./system/src/newlib/_syscalls.o
 .debug_macro   0x0001720f      0x1c9 ./system/src/diag/Trace.o
 .debug_macro   0x000173d8       0x52 ./system/src/diag/Trace.o
 .debug_macro   0x0001742a       0x16 ./system/src/diag/Trace.o
 .debug_macro   0x00017440      0x1db ./system/src/diag/trace_impl.o
 .debug_macro   0x0001761b       0x10 ./system/src/diag/trace_impl.o
 .debug_macro   0x0001762b       0xcf ./system/src/diag/trace_impl.o
 .debug_macro   0x000176fa       0xbe ./system/src/diag/trace_impl.o
 .debug_macro   0x000177b8       0x95 ./system/src/cortexm/_initialize_hardware.o
 .debug_macro   0x0001784d      0x222 ./system/src/cortexm/exception_handlers.o
 .debug_macro   0x00017a6f       0x3b ./system/src/cortexm/exception_handlers.o
 .debug_macro   0x00017aaa       0x22 ./system/src/cortexm/exception_handlers.o
 .debug_macro   0x00017acc       0x10 ./system/src/cortexm/exception_handlers.o
 .debug_macro   0x00017adc       0x9d ./system/src/cmsis/system_stm32f4xx.o
 .debug_macro   0x00017b79      0x330 ./src/main.o
 .debug_macro   0x00017ea9      0x32c ./src/stm32f4xx_hal_msp.o
 .debug_macro   0x000181d5      0x336 ./src/stm32f4xx_it.o
