Archive member included to satisfy reference by file (symbol)

/home/patrick/.local/Ac6/SystemWorkbench/plugins/fr.ac6.mcu.externaltools.arm-none.linux64_1.7.0.201602291252/tools/compiler/bin/../lib/gcc/arm-none-eabi/5.2.1/../../../../arm-none-eabi/lib/armv7e-m/fpu/libc_nano.a(lib_a-exit.o)
                              /home/patrick/.local/Ac6/SystemWorkbench/plugins/fr.ac6.mcu.externaltools.arm-none.linux64_1.7.0.201602291252/tools/compiler/bin/../lib/gcc/arm-none-eabi/5.2.1/../../../../arm-none-eabi/lib/armv7e-m/fpu/crt0.o (exit)
/home/patrick/.local/Ac6/SystemWorkbench/plugins/fr.ac6.mcu.externaltools.arm-none.linux64_1.7.0.201602291252/tools/compiler/bin/../lib/gcc/arm-none-eabi/5.2.1/../../../../arm-none-eabi/lib/armv7e-m/fpu/libc_nano.a(lib_a-impure.o)
                              /home/patrick/.local/Ac6/SystemWorkbench/plugins/fr.ac6.mcu.externaltools.arm-none.linux64_1.7.0.201602291252/tools/compiler/bin/../lib/gcc/arm-none-eabi/5.2.1/../../../../arm-none-eabi/lib/armv7e-m/fpu/libc_nano.a(lib_a-exit.o) (_global_impure_ptr)
/home/patrick/.local/Ac6/SystemWorkbench/plugins/fr.ac6.mcu.externaltools.arm-none.linux64_1.7.0.201602291252/tools/compiler/bin/../lib/gcc/arm-none-eabi/5.2.1/../../../../arm-none-eabi/lib/armv7e-m/fpu/libc_nano.a(lib_a-init.o)
                              /home/patrick/.local/Ac6/SystemWorkbench/plugins/fr.ac6.mcu.externaltools.arm-none.linux64_1.7.0.201602291252/tools/compiler/bin/../lib/gcc/arm-none-eabi/5.2.1/../../../../arm-none-eabi/lib/armv7e-m/fpu/crt0.o (__libc_init_array)
/home/patrick/.local/Ac6/SystemWorkbench/plugins/fr.ac6.mcu.externaltools.arm-none.linux64_1.7.0.201602291252/tools/compiler/bin/../lib/gcc/arm-none-eabi/5.2.1/../../../../arm-none-eabi/lib/armv7e-m/fpu/libc_nano.a(lib_a-memset.o)
                              /home/patrick/.local/Ac6/SystemWorkbench/plugins/fr.ac6.mcu.externaltools.arm-none.linux64_1.7.0.201602291252/tools/compiler/bin/../lib/gcc/arm-none-eabi/5.2.1/../../../../arm-none-eabi/lib/armv7e-m/fpu/crt0.o (memset)
/home/patrick/.local/Ac6/SystemWorkbench/plugins/fr.ac6.mcu.externaltools.arm-none.linux64_1.7.0.201602291252/tools/compiler/bin/../lib/gcc/arm-none-eabi/5.2.1/../../../../arm-none-eabi/lib/armv7e-m/fpu/libnosys.a(_exit.o)
                              /home/patrick/.local/Ac6/SystemWorkbench/plugins/fr.ac6.mcu.externaltools.arm-none.linux64_1.7.0.201602291252/tools/compiler/bin/../lib/gcc/arm-none-eabi/5.2.1/../../../../arm-none-eabi/lib/armv7e-m/fpu/libc_nano.a(lib_a-exit.o) (_exit)

Allocating common symbols
Common symbol       size              file

uwTick              0x4               Drivers/STM32F4xx_HAL_Driver/stm32f4xx_hal.o
pFlash              0x20              Drivers/STM32F4xx_HAL_Driver/stm32f4xx_hal_flash.o
I2cHandle           0x54              Drivers/BSP/STM32F429I-Discovery/stm32f429i_discovery.o

Discarded input sections

 .text          0x00000000        0x0 /home/patrick/.local/Ac6/SystemWorkbench/plugins/fr.ac6.mcu.externaltools.arm-none.linux64_1.7.0.201602291252/tools/compiler/bin/../lib/gcc/arm-none-eabi/5.2.1/armv7e-m/fpu/crti.o
 .data          0x00000000        0x0 /home/patrick/.local/Ac6/SystemWorkbench/plugins/fr.ac6.mcu.externaltools.arm-none.linux64_1.7.0.201602291252/tools/compiler/bin/../lib/gcc/arm-none-eabi/5.2.1/armv7e-m/fpu/crti.o
 .bss           0x00000000        0x0 /home/patrick/.local/Ac6/SystemWorkbench/plugins/fr.ac6.mcu.externaltools.arm-none.linux64_1.7.0.201602291252/tools/compiler/bin/../lib/gcc/arm-none-eabi/5.2.1/armv7e-m/fpu/crti.o
 .data          0x00000000        0x4 /home/patrick/.local/Ac6/SystemWorkbench/plugins/fr.ac6.mcu.externaltools.arm-none.linux64_1.7.0.201602291252/tools/compiler/bin/../lib/gcc/arm-none-eabi/5.2.1/armv7e-m/fpu/crtbegin.o
 .text          0x00000000       0x74 /home/patrick/.local/Ac6/SystemWorkbench/plugins/fr.ac6.mcu.externaltools.arm-none.linux64_1.7.0.201602291252/tools/compiler/bin/../lib/gcc/arm-none-eabi/5.2.1/../../../../arm-none-eabi/lib/armv7e-m/fpu/crt0.o
 .data          0x00000000        0x0 /home/patrick/.local/Ac6/SystemWorkbench/plugins/fr.ac6.mcu.externaltools.arm-none.linux64_1.7.0.201602291252/tools/compiler/bin/../lib/gcc/arm-none-eabi/5.2.1/../../../../arm-none-eabi/lib/armv7e-m/fpu/crt0.o
 .bss           0x00000000        0x0 /home/patrick/.local/Ac6/SystemWorkbench/plugins/fr.ac6.mcu.externaltools.arm-none.linux64_1.7.0.201602291252/tools/compiler/bin/../lib/gcc/arm-none-eabi/5.2.1/../../../../arm-none-eabi/lib/armv7e-m/fpu/crt0.o
 .ARM.extab     0x00000000        0x0 /home/patrick/.local/Ac6/SystemWorkbench/plugins/fr.ac6.mcu.externaltools.arm-none.linux64_1.7.0.201602291252/tools/compiler/bin/../lib/gcc/arm-none-eabi/5.2.1/../../../../arm-none-eabi/lib/armv7e-m/fpu/crt0.o
 .ARM.exidx     0x00000000        0x8 /home/patrick/.local/Ac6/SystemWorkbench/plugins/fr.ac6.mcu.externaltools.arm-none.linux64_1.7.0.201602291252/tools/compiler/bin/../lib/gcc/arm-none-eabi/5.2.1/../../../../arm-none-eabi/lib/armv7e-m/fpu/crt0.o
[...]
Memory Configuration

Name             Origin             Length             Attributes
FLASH            0x08000000         0x00200000         xr
RAM              0x20000000         0x00030000         xrw
CCMRAM           0x10000000         0x00010000         rw
*default*        0x00000000         0xffffffff

Linker script and memory map

LOAD /home/patrick/.local/Ac6/SystemWorkbench/plugins/fr.ac6.mcu.externaltools.arm-none.linux64_1.7.0.201602291252/tools/compiler/bin/../lib/gcc/arm-none-eabi/5.2.1/armv7e-m/fpu/crti.o
LOAD /home/patrick/.local/Ac6/SystemWorkbench/plugins/fr.ac6.mcu.externaltools.arm-none.linux64_1.7.0.201602291252/tools/compiler/bin/../lib/gcc/arm-none-eabi/5.2.1/armv7e-m/fpu/crtbegin.o
LOAD /home/patrick/.local/Ac6/SystemWorkbench/plugins/fr.ac6.mcu.externaltools.arm-none.linux64_1.7.0.201602291252/tools/compiler/bin/../lib/gcc/arm-none-eabi/5.2.1/../../../../arm-none-eabi/lib/armv7e-m/fpu/crt0.o
LOAD /home/patrick/.local/Ac6/SystemWorkbench/plugins/fr.ac6.mcu.externaltools.arm-none.linux64_1.7.0.201602291252/tools/compiler/bin/../lib/gcc/arm-none-eabi/5.2.1/../../../../arm-none-eabi/lib/armv7e-m/fpu/libm.a
LOAD Drivers/BSP/STM32F429I-Discovery/stm32f429i_discovery.o
LOAD Drivers/CMSIS/system_stm32f4xx.o
LOAD Drivers/STM32F4xx_HAL_Driver/stm32f4xx_hal.o
LOAD Drivers/STM32F4xx_HAL_Driver/stm32f4xx_hal_cortex.o
LOAD Drivers/STM32F4xx_HAL_Driver/stm32f4xx_hal_dma.o
LOAD Drivers/STM32F4xx_HAL_Driver/stm32f4xx_hal_flash.o
LOAD Drivers/STM32F4xx_HAL_Driver/stm32f4xx_hal_flash_ex.o
LOAD Drivers/STM32F4xx_HAL_Driver/stm32f4xx_hal_gpio.o
LOAD Drivers/STM32F4xx_HAL_Driver/stm32f4xx_hal_i2c.o
LOAD Drivers/STM32F4xx_HAL_Driver/stm32f4xx_hal_i2c_ex.o
LOAD Drivers/STM32F4xx_HAL_Driver/stm32f4xx_hal_pwr.o
LOAD Drivers/STM32F4xx_HAL_Driver/stm32f4xx_hal_pwr_ex.o
LOAD Drivers/STM32F4xx_HAL_Driver/stm32f4xx_hal_rcc.o
LOAD Drivers/STM32F4xx_HAL_Driver/stm32f4xx_hal_rcc_ex.o
LOAD Drivers/STM32F4xx_HAL_Driver/stm32f4xx_hal_spi.o
LOAD Example/SW4STM32/startup_stm32f429xx.o
LOAD Example/User/main.o
LOAD Example/User/stm32f4xx_it.o
START GROUP
LOAD /home/patrick/.local/Ac6/SystemWorkbench/plugins/fr.ac6.mcu.externaltools.arm-none.linux64_1.7.0.201602291252/tools/compiler/bin/../lib/gcc/arm-none-eabi/5.2.1/armv7e-m/fpu/libgcc.a
LOAD /home/patrick/.local/Ac6/SystemWorkbench/plugins/fr.ac6.mcu.externaltools.arm-none.linux64_1.7.0.201602291252/tools/compiler/bin/../lib/gcc/arm-none-eabi/5.2.1/../../../../arm-none-eabi/lib/armv7e-m/fpu/libc_nano.a
END GROUP
START GROUP
LOAD /home/patrick/.local/Ac6/SystemWorkbench/plugins/fr.ac6.mcu.externaltools.arm-none.linux64_1.7.0.201602291252/tools/compiler/bin/../lib/gcc/arm-none-eabi/5.2.1/armv7e-m/fpu/libgcc.a
LOAD /home/patrick/.local/Ac6/SystemWorkbench/plugins/fr.ac6.mcu.externaltools.arm-none.linux64_1.7.0.201602291252/tools/compiler/bin/../lib/gcc/arm-none-eabi/5.2.1/../../../../arm-none-eabi/lib/armv7e-m/fpu/libc_nano.a
LOAD /home/patrick/.local/Ac6/SystemWorkbench/plugins/fr.ac6.mcu.externaltools.arm-none.linux64_1.7.0.201602291252/tools/compiler/bin/../lib/gcc/arm-none-eabi/5.2.1/../../../../arm-none-eabi/lib/armv7e-m/fpu/libnosys.a
END GROUP
START GROUP
LOAD /home/patrick/.local/Ac6/SystemWorkbench/plugins/fr.ac6.mcu.externaltools.arm-none.linux64_1.7.0.201602291252/tools/compiler/bin/../lib/gcc/arm-none-eabi/5.2.1/armv7e-m/fpu/libgcc.a
LOAD /home/patrick/.local/Ac6/SystemWorkbench/plugins/fr.ac6.mcu.externaltools.arm-none.linux64_1.7.0.201602291252/tools/compiler/bin/../lib/gcc/arm-none-eabi/5.2.1/../../../../arm-none-eabi/lib/armv7e-m/fpu/libc_nano.a
LOAD /home/patrick/.local/Ac6/SystemWorkbench/plugins/fr.ac6.mcu.externaltools.arm-none.linux64_1.7.0.201602291252/tools/compiler/bin/../lib/gcc/arm-none-eabi/5.2.1/../../../../arm-none-eabi/lib/armv7e-m/fpu/libnosys.a
END GROUP
LOAD /home/patrick/.local/Ac6/SystemWorkbench/plugins/fr.ac6.mcu.externaltools.arm-none.linux64_1.7.0.201602291252/tools/compiler/bin/../lib/gcc/arm-none-eabi/5.2.1/armv7e-m/fpu/crtend.o
LOAD /home/patrick/.local/Ac6/SystemWorkbench/plugins/fr.ac6.mcu.externaltools.arm-none.linux64_1.7.0.201602291252/tools/compiler/bin/../lib/gcc/arm-none-eabi/5.2.1/armv7e-m/fpu/crtn.o
                0x20030000                _estack = 0x20030000
                0x00000200                _Min_Heap_Size = 0x200
                0x00000400                _Min_Stack_Size = 0x400

.isr_vector     0x08000000      0x1ac
                0x08000000                . = ALIGN (0x4)
 *(.isr_vector)
 .isr_vector    0x08000000      0x1ac Example/SW4STM32/startup_stm32f429xx.o
                0x08000000                g_pfnVectors
                0x080001ac                . = ALIGN (0x4)

.text           0x080001ac      0xbfc
                0x080001ac                . = ALIGN (0x4)
 *(.text)
 .text          0x080001ac       0xa4 /home/patrick/.local/Ac6/SystemWorkbench/plugins/fr.ac6.mcu.externaltools.arm-none.linux64_1.7.0.201602291252/tools/compiler/bin/../lib/gcc/arm-none-eabi/5.2.1/armv7e-m/fpu/crtbegin.o
 *(.text*)
 .text.BSP_LED_Init
                0x08000250       0x74 Drivers/BSP/STM32F429I-Discovery/stm32f429i_discovery.o
                0x08000250                BSP_LED_Init
 .text.BSP_LED_On
                0x080002c4       0x1c Drivers/BSP/STM32F429I-Discovery/stm32f429i_discovery.o
                0x080002c4                BSP_LED_On
 .text.BSP_LED_Toggle
                0x080002e0       0x1c Drivers/BSP/STM32F429I-Discovery/stm32f429i_discovery.o
                0x080002e0                BSP_LED_Toggle
 .text.SystemInit
                0x080002fc       0x4c Drivers/CMSIS/system_stm32f4xx.o
                0x080002fc                SystemInit
 .text.HAL_MspInit
                0x08000348        0x2 Drivers/STM32F4xx_HAL_Driver/stm32f4xx_hal.o
                0x08000348                HAL_MspInit
 *fill*         0x0800034a        0x2 
 .text.HAL_InitTick
                0x0800034c       0x28 Drivers/STM32F4xx_HAL_Driver/stm32f4xx_hal.o
                0x0800034c                HAL_InitTick
 .text.HAL_Init
                0x08000374       0x34 Drivers/STM32F4xx_HAL_Driver/stm32f4xx_hal.o
                0x08000374                HAL_Init
 .text.HAL_IncTick
                0x080003a8       0x10 Drivers/STM32F4xx_HAL_Driver/stm32f4xx_hal.o
                0x080003a8                HAL_IncTick
 .text.HAL_GetTick
                0x080003b8        0xc Drivers/STM32F4xx_HAL_Driver/stm32f4xx_hal.o
                0x080003b8                HAL_GetTick
 .text.HAL_NVIC_SetPriorityGrouping
                0x080003c4       0x24 Drivers/STM32F4xx_HAL_Driver/stm32f4xx_hal_cortex.o
                0x080003c4                HAL_NVIC_SetPriorityGrouping
 .text.HAL_NVIC_SetPriority
                0x080003e8       0x68 Drivers/STM32F4xx_HAL_Driver/stm32f4xx_hal_cortex.o
                0x080003e8                HAL_NVIC_SetPriority
 .text.HAL_NVIC_EnableIRQ
                0x08000450       0x18 Drivers/STM32F4xx_HAL_Driver/stm32f4xx_hal_cortex.o
                0x08000450                HAL_NVIC_EnableIRQ
 .text.HAL_SYSTICK_Config
                0x08000468       0x2c Drivers/STM32F4xx_HAL_Driver/stm32f4xx_hal_cortex.o
                0x08000468                HAL_SYSTICK_Config
 .text.HAL_GPIO_Init
                0x08000494      0x1d8 Drivers/STM32F4xx_HAL_Driver/stm32f4xx_hal_gpio.o
                0x08000494                HAL_GPIO_Init
 .text.HAL_GPIO_WritePin
                0x0800066c        0x8 Drivers/STM32F4xx_HAL_Driver/stm32f4xx_hal_gpio.o
                0x0800066c                HAL_GPIO_WritePin
 .text.HAL_GPIO_TogglePin
                0x08000674        0x8 Drivers/STM32F4xx_HAL_Driver/stm32f4xx_hal_gpio.o
                0x08000674                HAL_GPIO_TogglePin
 .text.HAL_GPIO_EXTI_IRQHandler
                0x0800067c       0x18 Drivers/STM32F4xx_HAL_Driver/stm32f4xx_hal_gpio.o
                0x0800067c                HAL_GPIO_EXTI_IRQHandler
 .text.HAL_PWREx_EnableOverDrive
                0x08000694       0x98 Drivers/STM32F4xx_HAL_Driver/stm32f4xx_hal_pwr_ex.o
                0x08000694                HAL_PWREx_EnableOverDrive
 .text.HAL_RCC_OscConfig
                0x0800072c      0x2d0 Drivers/STM32F4xx_HAL_Driver/stm32f4xx_hal_rcc.o
                0x0800072c                HAL_RCC_OscConfig
 .text.HAL_RCC_GetSysClockFreq
                0x080009fc       0x7c Drivers/STM32F4xx_HAL_Driver/stm32f4xx_hal_rcc.o
                0x080009fc                HAL_RCC_GetSysClockFreq
 .text.HAL_RCC_ClockConfig
                0x08000a78      0x168 Drivers/STM32F4xx_HAL_Driver/stm32f4xx_hal_rcc.o
                0x08000a78                HAL_RCC_ClockConfig
 .text.Reset_Handler
                0x08000be0       0x50 Example/SW4STM32/startup_stm32f429xx.o
                0x08000be0                Reset_Handler
 .text.Default_Handler
                0x08000c30        0x2 Example/SW4STM32/startup_stm32f429xx.o
                0x08000c30                RTC_Alarm_IRQHandler
                0x08000c30                HASH_RNG_IRQHandler
                0x08000c30                EXTI2_IRQHandler
                0x08000c30                TIM8_CC_IRQHandler
                0x08000c30                UART8_IRQHandler
                0x08000c30                SPI4_IRQHandler
                0x08000c30                TIM1_CC_IRQHandler
                0x08000c30                DMA2_Stream5_IRQHandler
                0x08000c30                DMA1_Stream5_IRQHandler
                0x08000c30                PVD_IRQHandler
                0x08000c30                SDIO_IRQHandler
                0x08000c30                TAMP_STAMP_IRQHandler
                0x08000c30                CAN2_RX1_IRQHandler
                0x08000c30                EXTI3_IRQHandler
                0x08000c30                TIM8_TRG_COM_TIM14_IRQHandler
                0x08000c30                TIM1_UP_TIM10_IRQHandler
                0x08000c30                TIM8_UP_TIM13_IRQHandler
                0x08000c30                I2C3_ER_IRQHandler
                0x08000c30                I2C2_EV_IRQHandler
                0x08000c30                DMA1_Stream2_IRQHandler
                0x08000c30                CAN1_RX0_IRQHandler
                0x08000c30                FPU_IRQHandler
                0x08000c30                OTG_HS_WKUP_IRQHandler
                0x08000c30                LTDC_ER_IRQHandler
                0x08000c30                CAN2_SCE_IRQHandler
                0x08000c30                DMA2_Stream2_IRQHandler
                0x08000c30                SPI1_IRQHandler
                0x08000c30                TIM6_DAC_IRQHandler
                0x08000c30                TIM1_BRK_TIM9_IRQHandler
                0x08000c30                DCMI_IRQHandler
                0x08000c30                CAN2_RX0_IRQHandler
                0x08000c30                DMA2_Stream3_IRQHandler
                0x08000c30                USART6_IRQHandler
                0x08000c30                USART3_IRQHandler
                0x08000c30                CAN1_RX1_IRQHandler
                0x08000c30                UART5_IRQHandler
                0x08000c30                DMA2_Stream0_IRQHandler
                0x08000c30                TIM4_IRQHandler
                0x08000c30                I2C1_EV_IRQHandler
                0x08000c30                DMA1_Stream6_IRQHandler
                0x08000c30                DMA1_Stream1_IRQHandler
                0x08000c30                UART4_IRQHandler
                0x08000c30                TIM3_IRQHandler
                0x08000c30                RCC_IRQHandler
                0x08000c30                TIM8_BRK_TIM12_IRQHandler
                0x08000c30                Default_Handler
                0x08000c30                EXTI15_10_IRQHandler
                0x08000c30                ADC_IRQHandler
                0x08000c30                DMA1_Stream7_IRQHandler
                0x08000c30                SPI5_IRQHandler
                0x08000c30                TIM7_IRQHandler
                0x08000c30                CAN2_TX_IRQHandler
                0x08000c30                TIM5_IRQHandler
                0x08000c30                DMA2_Stream7_IRQHandler
                0x08000c30                I2C3_EV_IRQHandler
                0x08000c30                EXTI9_5_IRQHandler
                0x08000c30                RTC_WKUP_IRQHandler
                0x08000c30                LTDC_IRQHandler
                0x08000c30                ETH_WKUP_IRQHandler
                0x08000c30                SPI2_IRQHandler
                0x08000c30                OTG_HS_EP1_IN_IRQHandler
                0x08000c30                DMA1_Stream0_IRQHandler
                0x08000c30                CAN1_TX_IRQHandler
                0x08000c30                EXTI4_IRQHandler
                0x08000c30                ETH_IRQHandler
                0x08000c30                OTG_HS_EP1_OUT_IRQHandler
                0x08000c30                WWDG_IRQHandler
                0x08000c30                SPI6_IRQHandler
                0x08000c30                TIM2_IRQHandler
                0x08000c30                OTG_FS_WKUP_IRQHandler
                0x08000c30                TIM1_TRG_COM_TIM11_IRQHandler
                0x08000c30                OTG_HS_IRQHandler
                0x08000c30                DMA2D_IRQHandler
                0x08000c30                EXTI1_IRQHandler
                0x08000c30                UART7_IRQHandler
                0x08000c30                USART2_IRQHandler
                0x08000c30                I2C2_ER_IRQHandler
                0x08000c30                DMA2_Stream1_IRQHandler
                0x08000c30                CAN1_SCE_IRQHandler
                0x08000c30                FLASH_IRQHandler
                0x08000c30                DMA2_Stream4_IRQHandler
                0x08000c30                USART1_IRQHandler
                0x08000c30                OTG_FS_IRQHandler
                0x08000c30                SPI3_IRQHandler
                0x08000c30                DMA1_Stream4_IRQHandler
                0x08000c30                I2C1_ER_IRQHandler
                0x08000c30                FMC_IRQHandler
                0x08000c30                DMA2_Stream6_IRQHandler
                0x08000c30                SAI1_IRQHandler
                0x08000c30                DMA1_Stream3_IRQHandler
 *fill*         0x08000c32        0x2 
 .text.startup.main
                0x08000c34       0xe8 Example/User/main.o
                0x08000c34                main
 .text.HAL_GPIO_EXTI_Callback
                0x08000d1c        0xc Example/User/main.o
                0x08000d1c                HAL_GPIO_EXTI_Callback
 .text.NMI_Handler
                0x08000d28        0x2 Example/User/stm32f4xx_it.o
                0x08000d28                NMI_Handler
 .text.HardFault_Handler
                0x08000d2a        0x2 Example/User/stm32f4xx_it.o
                0x08000d2a                HardFault_Handler
 .text.MemManage_Handler
                0x08000d2c        0x2 Example/User/stm32f4xx_it.o
                0x08000d2c                MemManage_Handler
 .text.BusFault_Handler
                0x08000d2e        0x2 Example/User/stm32f4xx_it.o
                0x08000d2e                BusFault_Handler
 .text.UsageFault_Handler
                0x08000d30        0x2 Example/User/stm32f4xx_it.o
                0x08000d30                UsageFault_Handler
 .text.SVC_Handler
                0x08000d32        0x2 Example/User/stm32f4xx_it.o
                0x08000d32                SVC_Handler
 .text.DebugMon_Handler
                0x08000d34        0x2 Example/User/stm32f4xx_it.o
                0x08000d34                DebugMon_Handler
 .text.PendSV_Handler
                0x08000d36        0x2 Example/User/stm32f4xx_it.o
                0x08000d36                PendSV_Handler
 .text.SysTick_Handler
                0x08000d38        0x4 Example/User/stm32f4xx_it.o
                0x08000d38                SysTick_Handler
 .text.EXTI0_IRQHandler
                0x08000d3c        0x6 Example/User/stm32f4xx_it.o
                0x08000d3c                EXTI0_IRQHandler
 *fill*         0x08000d42        0x2 
 .text.__libc_init_array
                0x08000d44       0x4c /home/patrick/.local/Ac6/SystemWorkbench/plugins/fr.ac6.mcu.externaltools.arm-none.linux64_1.7.0.201602291252/tools/compiler/bin/../lib/gcc/arm-none-eabi/5.2.1/../../../../arm-none-eabi/lib/armv7e-m/fpu/libc_nano.a(lib_a-init.o)
                0x08000d44                __libc_init_array
 *(.glue_7)
 .glue_7        0x08000d90        0x0 linker stubs
 *(.glue_7t)
 .glue_7t       0x08000d90        0x0 linker stubs
 *(.eh_frame)
 .eh_frame      0x08000d90        0x0 /home/patrick/.local/Ac6/SystemWorkbench/plugins/fr.ac6.mcu.externaltools.arm-none.linux64_1.7.0.201602291252/tools/compiler/bin/../lib/gcc/arm-none-eabi/5.2.1/armv7e-m/fpu/crtbegin.o
 *(.init)
 .init          0x08000d90        0x4 /home/patrick/.local/Ac6/SystemWorkbench/plugins/fr.ac6.mcu.externaltools.arm-none.linux64_1.7.0.201602291252/tools/compiler/bin/../lib/gcc/arm-none-eabi/5.2.1/armv7e-m/fpu/crti.o
                0x08000d90                _init
 .init          0x08000d94        0x8 /home/patrick/.local/Ac6/SystemWorkbench/plugins/fr.ac6.mcu.externaltools.arm-none.linux64_1.7.0.201602291252/tools/compiler/bin/../lib/gcc/arm-none-eabi/5.2.1/armv7e-m/fpu/crtn.o
 *(.fini)
 .fini          0x08000d9c        0x4 /home/patrick/.local/Ac6/SystemWorkbench/plugins/fr.ac6.mcu.externaltools.arm-none.linux64_1.7.0.201602291252/tools/compiler/bin/../lib/gcc/arm-none-eabi/5.2.1/armv7e-m/fpu/crti.o
                0x08000d9c                _fini
 .fini          0x08000da0        0x8 /home/patrick/.local/Ac6/SystemWorkbench/plugins/fr.ac6.mcu.externaltools.arm-none.linux64_1.7.0.201602291252/tools/compiler/bin/../lib/gcc/arm-none-eabi/5.2.1/armv7e-m/fpu/crtn.o
                0x08000da8                . = ALIGN (0x4)
                0x08000da8                _etext = .

.vfp11_veneer   0x08000da8        0x0
 .vfp11_veneer  0x08000da8        0x0 linker stubs

.v4_bx          0x08000da8        0x0
 .v4_bx         0x08000da8        0x0 linker stubs

.iplt           0x08000da8        0x0
 .iplt          0x08000da8        0x0 /home/patrick/.local/Ac6/SystemWorkbench/plugins/fr.ac6.mcu.externaltools.arm-none.linux64_1.7.0.201602291252/tools/compiler/bin/../lib/gcc/arm-none-eabi/5.2.1/armv7e-m/fpu/crtbegin.o

.rodata         0x08000da8       0x18
                0x08000da8                . = ALIGN (0x4)
 *(.rodata)
 .rodata        0x08000da8        0x8 Drivers/BSP/STM32F429I-Discovery/stm32f429i_discovery.o
                0x08000da8                GPIO_PIN
                0x08000dac                BUTTON_IRQn
                0x08000dae                BUTTON_PIN
 .rodata        0x08000db0       0x10 Drivers/STM32F4xx_HAL_Driver/stm32f4xx_hal_rcc.o
                0x08000db0                APBAHBPrescTable
 *(.rodata*)
                0x08000dc0                . = ALIGN (0x4)

.rel.dyn        0x08000dc0        0x0
 .rel.iplt      0x08000dc0        0x0 /home/patrick/.local/Ac6/SystemWorkbench/plugins/fr.ac6.mcu.externaltools.arm-none.linux64_1.7.0.201602291252/tools/compiler/bin/../lib/gcc/arm-none-eabi/5.2.1/armv7e-m/fpu/crtbegin.o

.ARM.extab
 *(.ARM.extab* .gnu.linkonce.armextab.*)

.ARM            0x08000dc0        0x0
                0x08000dc0                __exidx_start = .
 *(.ARM.exidx*)
                0x08000dc0                __exidx_end = .

.preinit_array  0x08000dc0        0x0
                0x08000dc0                PROVIDE (__preinit_array_start, .)
 *(.preinit_array*)
                0x08000dc0                PROVIDE (__preinit_array_end, .)

.init_array     0x08000dc0        0x4
                0x08000dc0                PROVIDE (__init_array_start, .)
 *(SORT(.init_array.*))
 *(.init_array*)
 .init_array    0x08000dc0        0x4 /home/patrick/.local/Ac6/SystemWorkbench/plugins/fr.ac6.mcu.externaltools.arm-none.linux64_1.7.0.201602291252/tools/compiler/bin/../lib/gcc/arm-none-eabi/5.2.1/armv7e-m/fpu/crtbegin.o
                0x08000dc4                PROVIDE (__init_array_end, .)

.fini_array     0x08000dc4        0x4
                [!provide]                PROVIDE (__fini_array_start, .)
 *(SORT(.fini_array.*))
 *(.fini_array*)
 .fini_array    0x08000dc4        0x4 /home/patrick/.local/Ac6/SystemWorkbench/plugins/fr.ac6.mcu.externaltools.arm-none.linux64_1.7.0.201602291252/tools/compiler/bin/../lib/gcc/arm-none-eabi/5.2.1/armv7e-m/fpu/crtbegin.o
                [!provide]                PROVIDE (__fini_array_end, .)
                0x08000dc8                _sidata = LOADADDR (.data)

.data           0x20000000       0x28 load address 0x08000dc8
                0x20000000                . = ALIGN (0x4)
                0x20000000                _sdata = .
 *(.data)
 .data          0x20000000       0x14 Drivers/BSP/STM32F429I-Discovery/stm32f429i_discovery.o
                0x20000000                SpixTimeout
                0x20000004                GPIO_PORT
                0x2000000c                BUTTON_PORT
                0x20000010                I2cxTimeout
 .data          0x20000014       0x14 Drivers/CMSIS/system_stm32f4xx.o
                0x20000014                SystemCoreClock
                0x20000018                AHBPrescTable
 *(.data*)
                0x20000028                . = ALIGN (0x4)
                0x20000028                _edata = .
                0x08000df0                _siccmram = LOADADDR (.ccmram)

.jcr            0x20000028        0x0 load address 0x08000df0
 .jcr           0x20000028        0x0 /home/patrick/.local/Ac6/SystemWorkbench/plugins/fr.ac6.mcu.externaltools.arm-none.linux64_1.7.0.201602291252/tools/compiler/bin/../lib/gcc/arm-none-eabi/5.2.1/armv7e-m/fpu/crtbegin.o

.tm_clone_table
                0x20000028        0x0 load address 0x08000df0
 .tm_clone_table
                0x20000028        0x0 /home/patrick/.local/Ac6/SystemWorkbench/plugins/fr.ac6.mcu.externaltools.arm-none.linux64_1.7.0.201602291252/tools/compiler/bin/../lib/gcc/arm-none-eabi/5.2.1/armv7e-m/fpu/crtbegin.o
 .tm_clone_table
                0x20000028        0x0 /home/patrick/.local/Ac6/SystemWorkbench/plugins/fr.ac6.mcu.externaltools.arm-none.linux64_1.7.0.201602291252/tools/compiler/bin/../lib/gcc/arm-none-eabi/5.2.1/armv7e-m/fpu/crtend.o

.igot.plt       0x20000028        0x0 load address 0x08000df0
 .igot.plt      0x20000028        0x0 /home/patrick/.local/Ac6/SystemWorkbench/plugins/fr.ac6.mcu.externaltools.arm-none.linux64_1.7.0.201602291252/tools/compiler/bin/../lib/gcc/arm-none-eabi/5.2.1/armv7e-m/fpu/crtbegin.o

.ccmram         0x10000000        0x0 load address 0x08000df0
                0x10000000                . = ALIGN (0x4)
                0x10000000                _sccmram = .
 *(.ccmram)
 *(.ccmram*)
                0x10000000                . = ALIGN (0x4)
                0x10000000                _eccmram = .
                0x10000000                . = ALIGN (0x4)

.bss            0x20000028       0x20
                0x20000028                _sbss = .
                0x20000028                __bss_start__ = _sbss
 *(.bss)
 .bss           0x20000028       0x1c /home/patrick/.local/Ac6/SystemWorkbench/plugins/fr.ac6.mcu.externaltools.arm-none.linux64_1.7.0.201602291252/tools/compiler/bin/../lib/gcc/arm-none-eabi/5.2.1/armv7e-m/fpu/crtbegin.o
 *(.bss*)
 *(COMMON)
 COMMON         0x20000044        0x4 Drivers/STM32F4xx_HAL_Driver/stm32f4xx_hal.o
                0x20000044                uwTick
                0x20000048                . = ALIGN (0x4)
                0x20000048                _ebss = .
                0x20000048                __bss_end__ = _ebss

._user_heap_stack
                0x20000048      0x600
                0x20000048                . = ALIGN (0x4)
                [!provide]                PROVIDE (end, .)
                [!provide]                PROVIDE (_end, .)
                0x20000248                . = (. + _Min_Heap_Size)
 *fill*         0x20000048      0x200 
                0x20000648                . = (. + _Min_Stack_Size)
 *fill*         0x20000248      0x400 
                0x20000648                . = ALIGN (0x4)

/DISCARD/
 libc.a(*)
 libm.a(*)
 libgcc.a(*)

.ARM.attributes
                0x00000000       0x30
 *(.ARM.attributes)
 .ARM.attributes
                0x00000000       0x22 /home/patrick/.local/Ac6/SystemWorkbench/plugins/fr.ac6.mcu.externaltools.arm-none.linux64_1.7.0.201602291252/tools/compiler/bin/../lib/gcc/arm-none-eabi/5.2.1/armv7e-m/fpu/crti.o
 .ARM.attributes
                0x00000022       0x34 /home/patrick/.local/Ac6/SystemWorkbench/plugins/fr.ac6.mcu.externaltools.arm-none.linux64_1.7.0.201602291252/tools/compiler/bin/../lib/gcc/arm-none-eabi/5.2.1/armv7e-m/fpu/crtbegin.o
 .ARM.attributes
                0x00000056       0x39 Drivers/BSP/STM32F429I-Discovery/stm32f429i_discovery.o
 .ARM.attributes
                0x0000008f       0x39 Drivers/CMSIS/system_stm32f4xx.o
 .ARM.attributes
                0x000000c8       0x39 Drivers/STM32F4xx_HAL_Driver/stm32f4xx_hal.o
 .ARM.attributes
                0x00000101       0x39 Drivers/STM32F4xx_HAL_Driver/stm32f4xx_hal_cortex.o
 .ARM.attributes
                0x0000013a       0x39 Drivers/STM32F4xx_HAL_Driver/stm32f4xx_hal_gpio.o
 .ARM.attributes
                0x00000173       0x39 Drivers/STM32F4xx_HAL_Driver/stm32f4xx_hal_pwr_ex.o
 .ARM.attributes
                0x000001ac       0x39 Drivers/STM32F4xx_HAL_Driver/stm32f4xx_hal_rcc.o
 .ARM.attributes
                0x000001e5       0x21 Example/SW4STM32/startup_stm32f429xx.o
 .ARM.attributes
                0x00000206       0x39 Example/User/main.o
 .ARM.attributes
                0x0000023f       0x39 Example/User/stm32f4xx_it.o
 .ARM.attributes
                0x00000278       0x34 /home/patrick/.local/Ac6/SystemWorkbench/plugins/fr.ac6.mcu.externaltools.arm-none.linux64_1.7.0.201602291252/tools/compiler/bin/../lib/gcc/arm-none-eabi/5.2.1/../../../../arm-none-eabi/lib/armv7e-m/fpu/libc_nano.a(lib_a-init.o)
 .ARM.attributes
                0x000002ac       0x34 /home/patrick/.local/Ac6/SystemWorkbench/plugins/fr.ac6.mcu.externaltools.arm-none.linux64_1.7.0.201602291252/tools/compiler/bin/../lib/gcc/arm-none-eabi/5.2.1/armv7e-m/fpu/crtend.o
 .ARM.attributes
                0x000002e0       0x22 /home/patrick/.local/Ac6/SystemWorkbench/plugins/fr.ac6.mcu.externaltools.arm-none.linux64_1.7.0.201602291252/tools/compiler/bin/../lib/gcc/arm-none-eabi/5.2.1/armv7e-m/fpu/crtn.o
OUTPUT(STM32F429I-Discovery.elf elf32-littlearm)

.debug_info     0x00000000     0x6854
 .debug_info    0x00000000     0x2121 Drivers/BSP/STM32F429I-Discovery/stm32f429i_discovery.o
 .debug_info    0x00002121      0x4cf Drivers/CMSIS/system_stm32f4xx.o
 .debug_info    0x000025f0      0x9b0 Drivers/STM32F4xx_HAL_Driver/stm32f4xx_hal.o
 .debug_info    0x00002fa0      0xea0 Drivers/STM32F4xx_HAL_Driver/stm32f4xx_hal_cortex.o
 .debug_info    0x00003e40      0x73b Drivers/STM32F4xx_HAL_Driver/stm32f4xx_hal_gpio.o
 .debug_info    0x0000457b      0x931 Drivers/STM32F4xx_HAL_Driver/stm32f4xx_hal_pwr_ex.o
 .debug_info    0x00004eac      0xc9c Drivers/STM32F4xx_HAL_Driver/stm32f4xx_hal_rcc.o
 .debug_info    0x00005b48      0x16a Example/SW4STM32/startup_stm32f429xx.o
 .debug_info    0x00005cb2      0xa2a Example/User/main.o
 .debug_info    0x000066dc      0x178 Example/User/stm32f4xx_it.o

.debug_abbrev   0x00000000     0x143c
 .debug_abbrev  0x00000000      0x39c Drivers/BSP/STM32F429I-Discovery/stm32f429i_discovery.o
 .debug_abbrev  0x0000039c      0x104 Drivers/CMSIS/system_stm32f4xx.o
 .debug_abbrev  0x000004a0      0x247 Drivers/STM32F4xx_HAL_Driver/stm32f4xx_hal.o
 .debug_abbrev  0x000006e7      0x332 Drivers/STM32F4xx_HAL_Driver/stm32f4xx_hal_cortex.o
 .debug_abbrev  0x00000a19      0x1cb Drivers/STM32F4xx_HAL_Driver/stm32f4xx_hal_gpio.o
 .debug_abbrev  0x00000be4      0x231 Drivers/STM32F4xx_HAL_Driver/stm32f4xx_hal_pwr_ex.o
 .debug_abbrev  0x00000e15      0x321 Drivers/STM32F4xx_HAL_Driver/stm32f4xx_hal_rcc.o
 .debug_abbrev  0x00001136       0x12 Example/SW4STM32/startup_stm32f429xx.o
 .debug_abbrev  0x00001148      0x202 Example/User/main.o
 .debug_abbrev  0x0000134a       0xf2 Example/User/stm32f4xx_it.o

.debug_loc      0x00000000     0x18b2
 .debug_loc     0x00000000      0x7e7 Drivers/BSP/STM32F429I-Discovery/stm32f429i_discovery.o
 .debug_loc     0x000007e7       0xc6 Drivers/CMSIS/system_stm32f4xx.o
 .debug_loc     0x000008ad       0xbe Drivers/STM32F4xx_HAL_Driver/stm32f4xx_hal.o
 .debug_loc     0x0000096b      0x4ab Drivers/STM32F4xx_HAL_Driver/stm32f4xx_hal_cortex.o
 .debug_loc     0x00000e16      0x374 Drivers/STM32F4xx_HAL_Driver/stm32f4xx_hal_gpio.o
 .debug_loc     0x0000118a      0x261 Drivers/STM32F4xx_HAL_Driver/stm32f4xx_hal_pwr_ex.o
 .debug_loc     0x000013eb      0x49b Drivers/STM32F4xx_HAL_Driver/stm32f4xx_hal_rcc.o
 .debug_loc     0x00001886       0x2c Example/User/main.o

.debug_aranges  0x00000000      0x448
 .debug_aranges
                0x00000000       0xe8 Drivers/BSP/STM32F429I-Discovery/stm32f429i_discovery.o
 .debug_aranges
                0x000000e8       0x28 Drivers/CMSIS/system_stm32f4xx.o
 .debug_aranges
                0x00000110       0xc8 Drivers/STM32F4xx_HAL_Driver/stm32f4xx_hal.o
 .debug_aranges
                0x000001d8       0x98 Drivers/STM32F4xx_HAL_Driver/stm32f4xx_hal_cortex.o
 .debug_aranges
                0x00000270       0x58 Drivers/STM32F4xx_HAL_Driver/stm32f4xx_hal_gpio.o
 .debug_aranges
                0x000002c8       0x60 Drivers/STM32F4xx_HAL_Driver/stm32f4xx_hal_pwr_ex.o
 .debug_aranges
                0x00000328       0x80 Drivers/STM32F4xx_HAL_Driver/stm32f4xx_hal_rcc.o
 .debug_aranges
                0x000003a8       0x28 Example/SW4STM32/startup_stm32f429xx.o
 .debug_aranges
                0x000003d0       0x28 Example/User/main.o
 .debug_aranges
                0x000003f8       0x50 Example/User/stm32f4xx_it.o

.debug_ranges   0x00000000      0x770
 .debug_ranges  0x00000000      0x288 Drivers/BSP/STM32F429I-Discovery/stm32f429i_discovery.o
 .debug_ranges  0x00000288       0x18 Drivers/CMSIS/system_stm32f4xx.o
 .debug_ranges  0x000002a0       0xb8 Drivers/STM32F4xx_HAL_Driver/stm32f4xx_hal.o
 .debug_ranges  0x00000358      0x148 Drivers/STM32F4xx_HAL_Driver/stm32f4xx_hal_cortex.o
 .debug_ranges  0x000004a0       0x70 Drivers/STM32F4xx_HAL_Driver/stm32f4xx_hal_gpio.o
 .debug_ranges  0x00000510       0x80 Drivers/STM32F4xx_HAL_Driver/stm32f4xx_hal_pwr_ex.o
 .debug_ranges  0x00000590      0x150 Drivers/STM32F4xx_HAL_Driver/stm32f4xx_hal_rcc.o
 .debug_ranges  0x000006e0       0x20 Example/SW4STM32/startup_stm32f429xx.o
 .debug_ranges  0x00000700       0x30 Example/User/main.o
 .debug_ranges  0x00000730       0x40 Example/User/stm32f4xx_it.o

.debug_macro    0x00000000    0x14c1b
 .debug_macro   0x00000000      0x2fc Drivers/BSP/STM32F429I-Discovery/stm32f429i_discovery.o
 .debug_macro   0x000002fc      0x898 Drivers/BSP/STM32F429I-Discovery/stm32f429i_discovery.o
 .debug_macro   0x00000b94      0x1b6 Drivers/BSP/STM32F429I-Discovery/stm32f429i_discovery.o
 .debug_macro   0x00000d4a       0x31 Drivers/BSP/STM32F429I-Discovery/stm32f429i_discovery.o
 .debug_macro   0x00000d7b       0x28 Drivers/BSP/STM32F429I-Discovery/stm32f429i_discovery.o
 .debug_macro   0x00000da3       0x22 Drivers/BSP/STM32F429I-Discovery/stm32f429i_discovery.o
 .debug_macro   0x00000dc5       0x44 Drivers/BSP/STM32F429I-Discovery/stm32f429i_discovery.o
 .debug_macro   0x00000e09       0xfd Drivers/BSP/STM32F429I-Discovery/stm32f429i_discovery.o
 .debug_macro   0x00000f06       0x22 Drivers/BSP/STM32F429I-Discovery/stm32f429i_discovery.o
 .debug_macro   0x00000f28      0x1df Drivers/BSP/STM32F429I-Discovery/stm32f429i_discovery.o
 .debug_macro   0x00001107       0x35 Drivers/BSP/STM32F429I-Discovery/stm32f429i_discovery.o
 .debug_macro   0x0000113c       0x50 Drivers/BSP/STM32F429I-Discovery/stm32f429i_discovery.o
 .debug_macro   0x0000118c      0xe66 Drivers/BSP/STM32F429I-Discovery/stm32f429i_discovery.o
 .debug_macro   0x00001ff2     0xa373 Drivers/BSP/STM32F429I-Discovery/stm32f429i_discovery.o
 .debug_macro   0x0000c365       0x43 Drivers/BSP/STM32F429I-Discovery/stm32f429i_discovery.o
 .debug_macro   0x0000c3a8     0x34ef Drivers/BSP/STM32F429I-Discovery/stm32f429i_discovery.o
 .debug_macro   0x0000f897       0x58 Drivers/BSP/STM32F429I-Discovery/stm32f429i_discovery.o
 .debug_macro   0x0000f8ef       0x35 Drivers/BSP/STM32F429I-Discovery/stm32f429i_discovery.o
 .debug_macro   0x0000f924       0x9c Drivers/BSP/STM32F429I-Discovery/stm32f429i_discovery.o
 .debug_macro   0x0000f9c0       0x16 Drivers/BSP/STM32F429I-Discovery/stm32f429i_discovery.o
 .debug_macro   0x0000f9d6       0x97 Drivers/BSP/STM32F429I-Discovery/stm32f429i_discovery.o
 .debug_macro   0x0000fa6d      0x329 Drivers/BSP/STM32F429I-Discovery/stm32f429i_discovery.o
 .debug_macro   0x0000fd96       0xfd Drivers/BSP/STM32F429I-Discovery/stm32f429i_discovery.o
 .debug_macro   0x0000fe93       0x10 Drivers/BSP/STM32F429I-Discovery/stm32f429i_discovery.o
 .debug_macro   0x0000fea3       0x52 Drivers/BSP/STM32F429I-Discovery/stm32f429i_discovery.o
 .debug_macro   0x0000fef5       0x16 Drivers/BSP/STM32F429I-Discovery/stm32f429i_discovery.o
 .debug_macro   0x0000ff0b       0x43 Drivers/BSP/STM32F429I-Discovery/stm32f429i_discovery.o
 .debug_macro   0x0000ff4e      0x187 Drivers/BSP/STM32F429I-Discovery/stm32f429i_discovery.o
 .debug_macro   0x000100d5       0x10 Drivers/BSP/STM32F429I-Discovery/stm32f429i_discovery.o
 .debug_macro   0x000100e5       0x22 Drivers/BSP/STM32F429I-Discovery/stm32f429i_discovery.o
 .debug_macro   0x00010107       0x3a Drivers/BSP/STM32F429I-Discovery/stm32f429i_discovery.o
 .debug_macro   0x00010141       0x10 Drivers/BSP/STM32F429I-Discovery/stm32f429i_discovery.o
 .debug_macro   0x00010151       0x40 Drivers/BSP/STM32F429I-Discovery/stm32f429i_discovery.o
 .debug_macro   0x00010191       0x65 Drivers/BSP/STM32F429I-Discovery/stm32f429i_discovery.o
 .debug_macro   0x000101f6       0x16 Drivers/BSP/STM32F429I-Discovery/stm32f429i_discovery.o
 .debug_macro   0x0001020c      0x197 Drivers/BSP/STM32F429I-Discovery/stm32f429i_discovery.o
 .debug_macro   0x000103a3       0x57 Drivers/BSP/STM32F429I-Discovery/stm32f429i_discovery.o
 .debug_macro   0x000103fa      0xc9e Drivers/BSP/STM32F429I-Discovery/stm32f429i_discovery.o
 .debug_macro   0x00011098      0x9e1 Drivers/BSP/STM32F429I-Discovery/stm32f429i_discovery.o
 .debug_macro   0x00011a79      0x11e Drivers/BSP/STM32F429I-Discovery/stm32f429i_discovery.o
 .debug_macro   0x00011b97      0x161 Drivers/BSP/STM32F429I-Discovery/stm32f429i_discovery.o
 .debug_macro   0x00011cf8       0x27 Drivers/BSP/STM32F429I-Discovery/stm32f429i_discovery.o
 .debug_macro   0x00011d1f      0x287 Drivers/BSP/STM32F429I-Discovery/stm32f429i_discovery.o
 .debug_macro   0x00011fa6       0x5f Drivers/BSP/STM32F429I-Discovery/stm32f429i_discovery.o
 .debug_macro   0x00012005      0x23a Drivers/BSP/STM32F429I-Discovery/stm32f429i_discovery.o
 .debug_macro   0x0001223f      0x13a Drivers/BSP/STM32F429I-Discovery/stm32f429i_discovery.o
 .debug_macro   0x00012379      0x41d Drivers/BSP/STM32F429I-Discovery/stm32f429i_discovery.o
 .debug_macro   0x00012796       0x2e Drivers/BSP/STM32F429I-Discovery/stm32f429i_discovery.o
 .debug_macro   0x000127c4      0x1a7 Drivers/BSP/STM32F429I-Discovery/stm32f429i_discovery.o
 .debug_macro   0x0001296b       0x22 Drivers/BSP/STM32F429I-Discovery/stm32f429i_discovery.o
 .debug_macro   0x0001298d       0xa5 Drivers/BSP/STM32F429I-Discovery/stm32f429i_discovery.o
 .debug_macro   0x00012a32      0x11e Drivers/BSP/STM32F429I-Discovery/stm32f429i_discovery.o
 .debug_macro   0x00012b50       0xe2 Drivers/BSP/STM32F429I-Discovery/stm32f429i_discovery.o
 .debug_macro   0x00012c32       0x89 Drivers/BSP/STM32F429I-Discovery/stm32f429i_discovery.o
 .debug_macro   0x00012cbb      0x202 Drivers/BSP/STM32F429I-Discovery/stm32f429i_discovery.o
 .debug_macro   0x00012ebd      0x12c Drivers/BSP/STM32F429I-Discovery/stm32f429i_discovery.o
 .debug_macro   0x00012fe9      0x259 Drivers/BSP/STM32F429I-Discovery/stm32f429i_discovery.o
 .debug_macro   0x00013242      0x2d5 Drivers/CMSIS/system_stm32f4xx.o
 .debug_macro   0x00013517      0x31d Drivers/STM32F4xx_HAL_Driver/stm32f4xx_hal.o
 .debug_macro   0x00013834      0x2cf Drivers/STM32F4xx_HAL_Driver/stm32f4xx_hal_cortex.o
 .debug_macro   0x00013b03      0x307 Drivers/STM32F4xx_HAL_Driver/stm32f4xx_hal_gpio.o
 .debug_macro   0x00013e0a      0x2e7 Drivers/STM32F4xx_HAL_Driver/stm32f4xx_hal_pwr_ex.o
 .debug_macro   0x000140f1      0x2f9 Drivers/STM32F4xx_HAL_Driver/stm32f4xx_hal_rcc.o
 .debug_macro   0x000143ea      0x2e2 Example/User/main.o
 .debug_macro   0x000146cc      0x25f Example/User/main.o
 .debug_macro   0x0001492b      0x2f0 Example/User/stm32f4xx_it.o

.debug_line     0x00000000     0x60b3
 .debug_line    0x00000000      0xc3f Drivers/BSP/STM32F429I-Discovery/stm32f429i_discovery.o
 .debug_line    0x00000c3f      0x937 Drivers/CMSIS/system_stm32f4xx.o
 .debug_line    0x00001576      0xa98 Drivers/STM32F4xx_HAL_Driver/stm32f4xx_hal.o
 .debug_line    0x0000200e      0xad8 Drivers/STM32F4xx_HAL_Driver/stm32f4xx_hal_cortex.o
 .debug_line    0x00002ae6      0xac0 Drivers/STM32F4xx_HAL_Driver/stm32f4xx_hal_gpio.o
 .debug_line    0x000035a6      0xa4c Drivers/STM32F4xx_HAL_Driver/stm32f4xx_hal_pwr_ex.o
 .debug_line    0x00003ff2      0xbe5 Drivers/STM32F4xx_HAL_Driver/stm32f4xx_hal_rcc.o
 .debug_line    0x00004bd7       0xfe Example/SW4STM32/startup_stm32f429xx.o
 .debug_line    0x00004cd5      0x9d6 Example/User/main.o
 .debug_line    0x000056ab      0xa08 Example/User/stm32f4xx_it.o

.debug_str      0x00000000    0x72cf6
 .debug_str     0x00000000    0x7198b Drivers/BSP/STM32F429I-Discovery/stm32f429i_discovery.o
                              0x71d04 (size before relaxing)
 .debug_str     0x0007198b      0x14d Drivers/CMSIS/system_stm32f4xx.o
                              0x6fc38 (size before relaxing)
 .debug_str     0x00071ad8      0x530 Drivers/STM32F4xx_HAL_Driver/stm32f4xx_hal.o
                              0x70692 (size before relaxing)
 .debug_str     0x00072008      0x355 Drivers/STM32F4xx_HAL_Driver/stm32f4xx_hal_cortex.o
                              0x704af (size before relaxing)
 .debug_str     0x0007235d      0x270 Drivers/STM32F4xx_HAL_Driver/stm32f4xx_hal_gpio.o
                              0x6fe88 (size before relaxing)
 .debug_str     0x000725cd      0x195 Drivers/STM32F4xx_HAL_Driver/stm32f4xx_hal_pwr_ex.o
                              0x6fdf8 (size before relaxing)
 .debug_str     0x00072762      0x3a9 Drivers/STM32F4xx_HAL_Driver/stm32f4xx_hal_rcc.o
                              0x70017 (size before relaxing)
 .debug_str     0x00072b0b       0xcd Example/User/main.o
                              0x71278 (size before relaxing)
 .debug_str     0x00072bd8      0x11e Example/User/stm32f4xx_it.o
                              0x709ea (size before relaxing)

.comment        0x00000000       0x6e
 .comment       0x00000000       0x6e Drivers/BSP/STM32F429I-Discovery/stm32f429i_discovery.o
                                 0x6f (size before relaxing)
 .comment       0x0000006e       0x6f Drivers/CMSIS/system_stm32f4xx.o
 .comment       0x0000006e       0x6f Drivers/STM32F4xx_HAL_Driver/stm32f4xx_hal.o
 .comment       0x0000006e       0x6f Drivers/STM32F4xx_HAL_Driver/stm32f4xx_hal_cortex.o
 .comment       0x0000006e       0x6f Drivers/STM32F4xx_HAL_Driver/stm32f4xx_hal_gpio.o
 .comment       0x0000006e       0x6f Drivers/STM32F4xx_HAL_Driver/stm32f4xx_hal_pwr_ex.o
 .comment       0x0000006e       0x6f Drivers/STM32F4xx_HAL_Driver/stm32f4xx_hal_rcc.o
 .comment       0x0000006e       0x6f Example/User/main.o
 .comment       0x0000006e       0x6f Example/User/stm32f4xx_it.o

.debug_frame    0x00000000      0xa24
 .debug_frame   0x00000000      0x2fc Drivers/BSP/STM32F429I-Discovery/stm32f429i_discovery.o
 .debug_frame   0x000002fc       0x30 Drivers/CMSIS/system_stm32f4xx.o
 .debug_frame   0x0000032c      0x1a4 Drivers/STM32F4xx_HAL_Driver/stm32f4xx_hal.o
 .debug_frame   0x000004d0      0x130 Drivers/STM32F4xx_HAL_Driver/stm32f4xx_hal_cortex.o
 .debug_frame   0x00000600       0xd4 Drivers/STM32F4xx_HAL_Driver/stm32f4xx_hal_gpio.o
 .debug_frame   0x000006d4      0x100 Drivers/STM32F4xx_HAL_Driver/stm32f4xx_hal_pwr_ex.o
 .debug_frame   0x000007d4      0x138 Drivers/STM32F4xx_HAL_Driver/stm32f4xx_hal_rcc.o
 .debug_frame   0x0000090c       0x3c Example/User/main.o
 .debug_frame   0x00000948       0xb0 Example/User/stm32f4xx_it.o
 .debug_frame   0x000009f8       0x2c /home/patrick/.local/Ac6/SystemWorkbench/plugins/fr.ac6.mcu.externaltools.arm-none.linux64_1.7.0.201602291252/tools/compiler/bin/../lib/gcc/arm-none-eabi/5.2.1/../../../../arm-none-eabi/lib/armv7e-m/fpu/libc_nano.a(lib_a-init.o)
